ott3910683 Acalypha_gracilens
ott404485 Acer_floridanum
ott706677 Acer_leucoderme
ott1039827 Acer_rubrum
ott199561 Aesculus_parviflora
ott461734 Aesculus_pavia
ott131876 Agalinis_purpurea
ott39517 Albizia_julibrissin
ott1050091 Aletris_farinosa
ott182343 Allium_canadense
ott939663 Alnus_serrulata
ott465438 Ambrosia_artemisiifolia
ott45829 Amelanchier_arborea
ott58714 Amianthium_muscitoxicum
ott674918 Amorpha_fruticosa
ott823059 Amsonia_tabernaemontana
ott3955110 Andropogon_scoparius
ott753445 Andropogon_ternarius
ott932871 Anemone_acutiloba
ott693540 Anemone_americana
ott862563 Arundinaria_gigantea
ott452087 Arundinaria_tecta
ott920656 Asclepias_tuberosa
ott459954 Asclepias_variegata
ott1081157 Asclepias_verticillata
ott310806 Asimina_parviflora
ott709969 Asimina_triloba
ott1079925 Asplenium_platyneuron
ott5918857 Athyrium_asplenioides
ott747727 Aureolaria_pectinata
ott3928766 Baptisia_megacarpa
ott3907800 Berchemia_scandens
ott267696 Betula_nigra
ott86795 Bidens_alba
ott946258 Bignonia_capreolata
ott3907833 Boehmeria_cylindrica
ott405385 Botrychium_dissectum
ott1072185 Buchnera_floridana
ott237928 Cacalia_atriplicifolia
ott1058594 Callicarpa_americana
ott1038087 Carex_blanda
ott907194 Carex_intumescens
ott879280 Carex_lurida
ott466474 Carpinus_caroliniana
ott899017 Carya_glabra
ott3931008 Carya_pallida
ott591062 Carya_tomentosa
ott562865 Castanea_dentata
ott180564 Castanea_pumila
ott3907934 Celtis_occidentalis_var._georgiana
ott964020 Centrosema_virginianum
ott581830 Cephalanthus_occidentalis
ott606503 Cercis_canadensis
ott844554 Chionanthus_virginicus
ott3894747 Cirsium_carolinianum
ott3894731 Cirsium_horridulum
ott607945 Cnidoscolus_stimulosus
ott384637 Cocculus_carolinus
ott971152 Conoclinium_coelestinum
ott47906 Coreopsis_auriculata
ott789607 Coreopsis_major
ott336186 Coreopsis_pubescens
ott705053 Cornus_amomum
ott148264 Cornus_florida
ott136519 Cornus_foemina
ott6045484 Cornus_stricta
ott424330 Corylus_cornuta
ott842028 Crataegus_sp.
ott1025283 Crotalaria_laburnifolia
ott3927931 Crotalaria_rotundifolia
ott929953 Croton_sp.
ott779740 Danthonia_sericea
ott437347 Decumaria_barbara
ott529293 Delphinium_alabamicum
ott3927378 Desmodium_laevigatum
ott3927265 Desmodium_lineatum
ott3927442 Desmodium_viridiflorum
ott829226 Dianthus_armeria
ott660098 Diodia_teres
ott36277 Dioscorea_villosa
ott525019 Diospyros_virginiana
ott507150 Ditrysinia_fruticosa
ott511515 Elaeagnus_umbellata_var._parvifolia
ott1079706 Elephantopus_carolinianus
ott327306 Elephantopus_tomentosus
ott111764 Endodeca_serpentaria
ott947698 Enemion_biternatum
ott65673 Erechtites_hieracifolia
ott964716 Erigeron_strigosus
ott998117 Eryngium_yuccifolium
ott314417 Euonymus_americanus
ott971141 Eupatorium_album
ott970480 Eupatorium_aromaticum
ott1078284 Eupatorium_mohrii
ott1031901 Eupatorium_rotundifolium
ott827132 Euphorbia_corollata
ott681437 Eutrochium_fistulosum
ott422459 Fagus_grandifolia
ott1025773 Frangula_caroliniana
ott846451 Fraxinus_pennsylvanica
ott466180 Galium_circaezans
ott225875 Galium_obtusum
ott623291 Gaura_filipes
ott170521 Gaylussacia_dumosa
ott125850 Gelsemium_sempervirens
ott64663 Gnaphalium_helleri
ott604051 Gymnopogon_ambiguus
ott342455 Gymnopogon_brevifolius
ott250762 Halesia_carolina
ott60713 Hamamelis_virginiana
ott1062344 Helenium_amarum
ott769536 Helianthus_angustifolius
ott195525 Helianthus_divaricatus
ott1010287 Helianthus_microcephalus
ott314611 Helianthus_resinosus
ott752311 Heterotheca_mariana
ott188658 Hexastylis_arifolia
ott779798 Hibiscus_moscheutos
ott794142 Hieracium_gronovii
ott661612 Houstonia_caerulea
ott898348 Houstonia_purpurea
ott889515 Hydrangea_quercifolia
ott723132 Hypericum_gentianoides
ott657301 Hypericum_hypericoides
ott609319 Hypericum_mutilum
ott723166 Hypericum_walteri
ott1093464 Hypoxis_hirsuta
ott3885619 Ilex_ambigua
ott676165 Ilex_decidua
ott660052 Ilex_opaca
ott68444 Ilex_verticillata
ott727576 Ilex_vomitoria
ott35778 Illicium_floridanum
ott448432 Ionactis_linariifolia
ott270740 Ipomoea_pandurata
ott642541 Itea_virginica
ott26727 Juncus_effusus
ott3964809 Juncus_marginatus
ott15103 Juncus_validus
ott78161 Juniperus_virginiana
ott743767 Kalmia_latifolia
ott106732 Krigia_biflora
ott3942954 Lechea_villosa
ott144305 Lespedeza_bicolor
ott653603 Lespedeza_cuneata
ott337243 Lespedeza_hirta
ott855932 Lespedeza_intermedia
ott654970 Lespedeza_procumbens
ott654962 Lespedeza_repens
ott369573 Leucothoe_racemosa
ott226912 Liatris_spicata
ott505574 Liatris_squarrosa
ott513081 Ligusticum_canadense
ott3909982 Linum_medium
ott3909987 Linum_virginianum
ott62530 Liquidambar_styraciflua
ott777299 Liriodendron_tulipifera
ott3869229 Lithospermum_parviflorum
ott12514 Lobelia_puberula
ott2125 Lonicera_japonica
ott3882976 Lycopus_virginicus
ott687393 Lygodium_japonicum
ott971932 Macrothelypteris_torresiana
ott288493 Magnolia_acuminata
ott863071 Magnolia_macrophylla
ott653351 Magnolia_pyramidata
ott708614 Magnolia_tripetala
ott863066 Magnolia_virginiana
ott3870682 Matelea_decipiens
ott844846 Mimosa_microphylla
ott715308 Mimosa_quadrivalvis_var._quadrivalvis
ott762472 Mitchella_repens
ott47808 Morella_caroliniensis
ott791123 Morella_cerifera
ott658488 Morus_alba
ott259037 Morus_rubra
ott29639 Nothoscordum_bivalve
ott583519 Nymphaea_odorata
ott3900086 Nyssa_biflora
ott671013 Nyssa_sylvatica
ott101478 Oenothera_gaura
ott964811 Oenothera_speciosa
ott41631 Onoclea_sensibilis
ott900831 Orbexilum_pedunculatum_var._pedunculatum
ott41623 Osmundastrum_cinnamomeum
ott747780 Ostrya_virginiana
ott3902481 Oxalis_grandis
ott68075 Oxalis_rubra
ott237293 Oxalis_stricta
ott1042565 Oxydendrum_arboreum
ott559087 Panicum_anceps
ott3955723 Panicum_boscii
ott3956019 Panicum_hemitomon
ott5792759 Panicum_lanuginosum
ott3955973 Panicum_sphaerocarpon
ott174722 Panicum_tenue
ott797167 Parathelypteris_noveboracensis
ott329904 Parthenocissus_quinquefolia
ott504720 Paspalum_dilatatum
ott3956781 Paspalum_floridanum
ott3956788 Paspalum_laeve
ott802304 Paspalum_notatum_var._saurae
ott609312 Passiflora_lutea
ott385939 Penstemon_pallidus
ott486687 Phlox_pilosa
ott914231 Phoradendron_leucarpum
ott216619 Phytolacca_americana
ott212461 Pinus_echinata
ott351667 Pinus_palustris
ott1075736 Pinus_taeda
ott263433 Pinus_virginiana
ott510730 Piptochaetium_avenaceum
ott177992 Pityopsis_graminifolia_var._graminifolia
ott177993 Pityopsis_graminifolia_var._latifolia
ott217273 Plantago_aristata
ott376074 Plantago_lanceolata
ott5342635 Platanthera_clavellata
ott62543 Platanus_occidentalis
ott95634 Pleopeltis_polypodioides
ott902965 Polygala_nana
ott179378 Polygala_violacea
ott1006195 Polygonum_setaceum
ott371364 Polypremum_procumbens
ott647092 Polystichum_acrostichoides
ott530178 Populus_sp.
ott305931 Prunella_vulgaris
ott187948 Prunus_serotina
ott692793 Prunus_umbellata
ott195639 Pteridium_aquilinum
ott935487 Pueraria_montana_var._lobata
ott829115 Pycnanthemum_incanum
ott340473 Pyrrhopappus_carolinianus
ott791112 Quercus_alba
ott494536 Quercus_coccinea
ott826988 Quercus_falcata
ott833753 Quercus_incana
ott826983 Quercus_laevis
ott691464 Quercus_laurifolia
ott137331 Quercus_marilandica
ott252507 Quercus_montana
ott691458 Quercus_nigra
ott3930710 Quercus_phellos
ott791115 Quercus_rubra
ott316112 Quercus_stellata
ott581813 Quercus_velutina
ott928421 Ranunculus_sardous
ott56309 Rhexia_mariana
ott708115 Rhexia_virginica
ott972427 Rhododendron_alabamense
ott731684 Rhododendron_canescens
ott931766 Rhus_aromatica
ott731538 Rhus_copallinum
ott3921814 Rhynchosia_difformis
ott3922008 Rhynchosia_tomentosa
ott3961328 Rhynchospora_globularis
ott928416 Robinia_pseudoacacia
ott333900 Rosa_carolina
ott383273 Rosa_laevigata
ott714536 Rubus_argutus
ott896744 Rubus_flagellaris
ott618034 Rubus_trivialis
ott837485 Rudbeckia_hirta
ott36535 Rudbeckia_mollis
ott408772 Ruellia_caroliniensis
ott890177 Sabatia_angularis
ott484568 Sagittaria_latifolia_var._pubescens
ott681559 Sagittaria_platyphylla
ott53768 Salvia_azurea
ott861971 Salvia_lyrata
ott3882832 Salvia_urticifolia
ott142026 Sambucus_canadensis
ott1014682 Sanguinaria_canadensis
ott671421 Sanicula_canadensis
ott998890 Sassafras_albidum
ott228161 Scirpus_cyperinus
ott3957482 Scleria_oligantha
ott57517 Scleria_triglomerata
ott3882691 Scutellaria_elliptica
ott383451 Securigera_varia
ott107905 Senecio_pauperculus
ott597460 Senecio_smallii
ott1058729 Sericocarpus_tortifolius
ott643122 Setaria_parviflora
ott3882475 Seymeria_cassioides
ott792336 Sideroxylon_lanuginosum
ott922269 Silene_virginica
ott356402 Silphium_compositum
ott18357 Sisyrinchium_mucronatum
ott995721 Smilax_glauca
ott272791 Smilax_herbacea
ott73624 Smilax_laurifolia
ott3966944 Smilax_pumila
ott172361 Smilax_rotundifolia
ott631681 Smilax_smallii
ott3966964 Smilax_walteri
ott390164 Solanum_carolinense
ott3898763 Solidago_odora
ott929828 Solidago_rugosa
ott338456 Sorghastrum_nutans
ott552986 Sorghum_bicolor
ott125844 Spigelia_marilandica
ott258077 Spiraea_prunifolia
ott303292 Spiranthes_vernalis
ott3953720 Sporobolus_junceus
ott363259 Stewartia_malacodendron
ott86603 Stillingia_sylvatica
ott61127 Stylisma_humistrata
ott126841 Stylosanthes_biflora
ott102637 Styrax_grandifolius
ott733563 Symphyotrichum_lateriflorum
ott336699 Symphyotrichum_patens
ott296013 Symphyotrichum_undulatum
ott910195 Symplocos_tinctoria
ott408252 Taxodium_distichum_var._distichum
ott741781 Taxodium_distichum_var._imbricarium
ott3920153 Tephrosia_virginiana
ott3899621 Tetragonotheca_helianthoides
ott770764 Tilia_americana
ott767475 Tipularia_discolor
ott21239 Toxicodendron_pubescens
ott411489 Toxicodendron_radicans
ott982258 Toxicodendron_vernix
ott213145 Tradescantia_ohiensis
ott255012 Tragia_urticifolia
ott161821 Trichostema_setaceum
ott849652 Tridens_flavus
ott244809 Trilisa_odoratissima
ott1019186 Triodanis_perfoliata
ott613200 Typha_latifolia
ott94971 Ulmus_alata
ott72678 Vaccinium_arboreum
ott567253 Vaccinium_corymbosum
ott72910 Vaccinium_elliottii
ott735748 Vaccinium_myrsinites
ott909420 Vaccinium_stamineum_var._melanocarpum
ott6050289 Vaccinium_vacillans
ott35629 Verbascum_thapsus
ott493347 Verbena_brasiliensis
ott472462 Verbena_officinalis
ott287755 Verbena_rigida
ott775692 Vernonia_angustifolia
ott1042145 Viburnum_acerifolium
ott967922 Viburnum_cassinoides
ott959514 Viburnum_dentatum
ott51726 Viburnum_nudum
ott509269 Vicia_caroliniana
ott5516062 Viola_brittoniana
ott740286 Viola_pedata
ott369624 Viola_primulifolia
ott329911 Vitis_aestivalis
ott650748 Vitis_rotundifolia
ott602495 Vitis_vulpina
ott76122 Wahlenbergia_marginata
ott82023 Woodwardia_areolata
ott768466 Xanthorhiza_simplicissima
ott268674 Xyris_iridifolia
ott974212 Yucca_filamentosa
ott974212 Yucca_flaccida
