ott883527 Abies_balsamea
ott1032032 Acer_pensylvanicum
ott1039827 Acer_rubrum
ott948916 Acer_saccharum
ott403782 Acer_spicatum
ott828103 Achillea_millefolium
ott462239 Actaea_pachypoda
ott791133 Alnus_incana
ott456839 Alnus_viridis
ott465438 Ambrosia_artemisiifolia
ott45829 Amelanchier_arborea
ott452576 Amelanchier_bartramiana
ott566686 Amelanchier_laevis
ott592636 Anaphalis_margaritacea
ott541006 Antennaria_neglecta
ott513856 Apocynum_androsaemifolium
ott303938 Apocynum_cannabinum
ott964058 Aquilegia_vulgaris
ott712998 Aralia_hispida
ott534056 Aralia_nudicaulis
ott534062 Aralia_racemosa
ott673427 Arceuthobium_pusillum
ott62443 Aronia_melanocarpa
ott22360 Asclepias_exaltata
ott148395 Asclepias_syriaca
ott452595 Betula_alleghaniensis
ott267696 Betula_nigra
ott267725 Betula_papyrifera
ott46581 Betula_populifolia
ott576475 Calystegia_sepium
ott438095 Capnoides_sempervirens
ott187471 Carex_crawfordii
ott382019 Carex_oligosperma
ott454181 Carex_pauciflora
ott282740 Celastrus_scandens
ott581830 Cephalanthus_occidentalis
ott324770 Chamaedaphne_calyculata
ott261500 Chelone_glabra
ott843597 Circaea_alpina
ott520109 Clintonia_borealis
ott706092 Comptonia_peregrina
ott982768 Coptis_trifolia
ott505075 Cornus_alternifolia
ott148259 Cornus_canadensis
ott55325 Cornus_sericea
ott731679 Corylus_americana
ott530302 Cypripedium_acaule
ott806048 Dianthus_carthusianorum
ott3582 Diapensia_lapponica
ott213094 Dichanthelium_clandestinum
ott30692 Diervilla_lonicera
ott720644 Drosera_intermedia
ott845045 Drosera_rotundifolia
ott369590 Empetrum_atropurpureum
ott648839 Epifagus_virginiana
ott587562 Epigaea_repens
ott139466 Epilobium_angustifolium
ott647082 Epipactis_helleborine
ott1008406 Erigeron_canadensis
ott761968 Eriocaulon_aquaticum
ott580889 Eriophorum_angustifolium
ott3959174 Eriophorum_virginicum
ott1032099 Eupatorium_perfoliatum
ott754861 Euphrasia_nemorosa
ott957394 Euthamia_graminifolia
ott764455 Eutrochium_maculatum
ott422459 Fagus_grandifolia
ott669109 Fallopia_cilinodis
ott1004791 Fragaria_virginiana
ott714690 Frangula_alnus
ott671807 Fraxinus_americana
ott598872 Galium_odoratum
ott233580 Galium_palustre
ott643057 Gaultheria_hispidula
ott643041 Gaultheria_procumbens
ott170513 Gaylussacia_baccata
ott60713 Hamamelis_virginiana
ott439508 Hieracium_paniculatum
ott1095913 Hieracium_umbellatum
ott661612 Houstonia_caerulea
ott199607 Hypericum_canadense
ott3909965 Hypericum_majus
ott905349 Hypericum_punctatum
ott745666 Ilex_laevigata
ott224625 Ilex_mucronata
ott68444 Ilex_verticillata
ott562949 Iris_versicolor
ott26727 Juncus_effusus
ott582859 Juniperus_communis
ott373036 Kalmia_polifolia
ott587555 Kalmia_procumbens
ott439510 Lactuca_biennis
ott804263 Larix_laricina
ott3942958 Lechea_intermedia
ott1067219 Linaria_canadensis
ott819501 Linnaea_borealis
ott320450 Lobelia_dortmanna
ott618368 Lobelia_inflata
ott183572 Lotus_corniculatus
ott564362 Luzula_spicata
ott619550 Lycopus_uniflorus
ott1028528 Maianthemum_canadense
ott497816 Maianthemum_racemosum
ott833033 Medeola_virginiana
ott38032 Medicago_lupulina
ott762472 Mitchella_repens
ott830204 Monarda_fistulosa
ott539588 Monotropa_uniflora
ott79360 Myrica_gale
ott475547 Nabalus_altissimus
ott583528 Nuphar_variegata
ott4727901 Oclemena_acuminata
ott12659 Oenothera_biennis
ott747780 Ostrya_virginiana
ott5748715 Oxalis_montana
ott1017168 Paronychia_argyrocoma
ott573067 Penstemon_digitalis
ott363879 Picea_mariana
ott771655 Picea_rubens
ott285884 Pilosella_aurantiaca
ott81207 Pinus_resinosa
ott568616 Pinus_strobus
ott989042 Plantago_rugelii
ott651996 Platanthera_aquilonis
ott3971865 Platanthera_orbiculata
ott3971850 Platanthera_psycodes
ott985636 Poa_sp.
ott702797 Pogonia_ophioglossoides
ott374288 Populus_balsamifera
ott1035526 Populus_grandidentata
ott8858 Populus_tremuloides
ott123038 Potamogeton_alpinus
ott768212 Potentilla_recta
ott305931 Prunella_vulgaris
ott180915 Prunus_pensylvanica
ott187948 Prunus_serotina
ott106228 Pyrola_americana
ott791115 Quercus_rubra
ott387818 Ranunculus_acris
ott482720 Ranunculus_tuberosus
ott257177 Rhododendron_canadense
ott649881 Rhododendron_groenlandicum
ott856671 Rhus_hirta
ott928416 Robinia_pseudoacacia
ott333873 Rosa_spinosissima
ott148072 Rubus_allegheniensis
ott148077 Rubus_dalibarda
ott3907162 Rubus_laciniatus
ott96577 Rubus_odoratus
ott763019 Rumex_acetosella
ott142026 Sambucus_canadensis
ott1042133 Sambucus_racemosa
ott842209 Saponaria_officinalis
ott137603 Sarracenia_purpurea
ott228161 Scirpus_cyperinus
ott220789 Scorzoneroides_autumnalis
ott385170 Sibbaldiopsis_tridentata
ott788648 Solidago_arguta
ott1024291 Solidago_bicolor
ott929828 Solidago_rugosa
ott1083529 Solidago_simplex
ott667058 Sorbus_americana
ott741361 Sparganium_americanum
ott120800 Sparganium_angustifolium
ott3882729 Stachys_annua
ott797019 Stellaria_borealis
ott62285 Streptopus_lanceolatus
ott194048 Symphyotrichum_cordifolium
ott733557 Symphyotrichum_lanceolatum
ott316517 Symphyotrichum_puniceum
ott799895 Taxus_canadensis
ott532742 Thalictrum_pubescens
ott463720 Thuja_occidentalis
ott770764 Tilia_americana
ott952759 Triadenum_fraseri
ott689169 Trifolium_arvense
ott111902 Trillium_cernuum
ott535817 Trillium_erectum
ott594644 Trillium_undulatum
ott117276 Tsuga_canadensis
ott1069824 Tussilago_farfara
ott613200 Typha_latifolia
ott316093 Ulmus_rubra
ott709944 Utricularia_resupinata
ott375378 Uvularia_sessilifolia
ott3900375 Vaccinium_angustifolium
ott771772 Vaccinium_cespitosum
ott567253 Vaccinium_corymbosum
ott3900372 Vaccinium_myrtilloides
ott994130 Vaccinium_uliginosum
ott453154 Veratrum_viride
ott35629 Verbascum_thapsus
ott959514 Viburnum_dentatum
ott572545 Viburnum_lantanoides
ott539541 Vicia_cracca
ott369433 Viola_renifolia
