ott1039827 Acer_rubrum
ott72406 Acmella_oppositifolia_var._repens
ott3926427 Aeschynomene_viscidula
ott471388 Agalinis_fasciculata
ott3882457 Agalinis_filifolia
ott639771 Agalinis_plukenetii
ott1099123 Agalinis_setacea
ott3899980 Ageratina_jucunda
ott883668 Agrostis_hyemalis
ott39517 Albizia_julibrissin
ott682363 Alysicarpus_ovalifolius
ott465438 Ambrosia_artemisiifolia
ott674918 Amorpha_fruticosa
ott3928378 Amorpha_herbacea
ott1057340 Amphicarpum_muhlenbergianum
ott3870725 Amsonia_ciliata
ott3955536 Andropogon_brachystachyus
ott3955496 Andropogon_floridanus
ott374238 Andropogon_glomeratus
ott3955491 Andropogon_gyrans_var._stenophyllus
ott753445 Andropogon_ternarius
ott3955489 Andropogon_tracyi
ott3955469 Andropogon_virginicus
ott3957154 Anthaenantia_villosa
ott488051 Apios_americana
ott776695 Aralia_spinosa
ott776705 Ardisia_crenata
ott161914 Arenaria_serpyllifolia
ott810471 Aristida_condensata
ott1002905 Aristida_gyrans
ott1025043 Aristida_mohrii
ott499237 Aristida_purpurascens
ott653579 Aristida_spiciformis
ott27992 Aristida_stricta
ott111764 Aristolochia_serpentaria
ott3899379 Arnoglossum_floridanum
ott972819 Asclepias_amplexicaulis
ott209059 Asclepias_humistrata
ott459950 Asclepias_tomentosa
ott920656 Asclepias_tuberosa
ott1081157 Asclepias_verticillata
ott856266 Asimina_angustifolia
ott137409 Asimina_incana
ott310806 Asimina_parviflora
ott813516 Asimina_pygmaea
ott1079925 Asplenium_platyneuron
ott3924234 Astragalus_obcordatus
ott974795 Axonopus_fissifolius
ott328723 Axonopus_furcatus
ott958630 Baccharis_halimifolia
ott438964 Balduina_angustifolia
ott373029 Bejaria_racemosa
ott931862 Berlandiera_subacaulis
ott86795 Bidens_alba
ott271370 Bidens_mitis
ott946258 Bignonia_capreolata
ott3907833 Boehmeria_cylindrica
ott1027592 Boerhavia_diffusa
ott272218 Boltonia_diffusa
ott950460 Bothriochloa_pertusa
ott113196 Botrychium_biternatum
ott10946 Brasenia_schreberi
ott218242 Bromus_catharticus
ott3882462 Buchnera_americana
ott343535 Bulbostylis_barbata
ott3960439 Bulbostylis_ciliatifolia
ott3960427 Bulbostylis_stenophylla
ott3960526 Bulbostylis_warei
ott293002 Butia_capitata
ott1098659 Buxus_microphylla
ott1058594 Callicarpa_americana
ott362981 Callisia_graminea
ott190005 Calyptocarpus_vialis
ott313392 Camellia_sasanqua
ott1069511 Campsis_radicans
ott608999 Cardamine_hirsuta
ott574840 Carex_atlantica_subsp._capillacea
ott3593 Carex_dasycarpa
ott3957746 Carex_elliottii
ott2076 Carex_fissa_var._aristata
ott863340 Carex_floridana
ott656159 Carex_longii
ott345518 Carphephorus_corymbosus
ott244804 Carphephorus_paniculatus
ott558205 Cartrema_americana
ott899017 Carya_glabra
ott259040 Carya_illinoinensis
ott540978 Castanea_mollissima
ott180564 Castanea_pumila
ott3955699 Cenchrus_gracillimus
ott5792743 Cenchrus_spinifex
ott49599 Centella_asiatica
ott964020 Centrosema_virginianum
ott581830 Cephalanthus_occidentalis
ott63148 Cerastium_glomeratum
ott324764 Ceratiola_ericoides
ott959671 Chamaecrista_fasciculata
ott1033872 Chamaecrista_nictitans_var._jaliscensis
ott851849 Chamaesyce_hirta
ott145970 Chamaesyce_hyssopifolia
ott683660 Chamaesyce_maculata
ott169508 Chapmannia_floridana
ott440447 Chasmanthium_laxum_subsp._sessiliflorum
ott844554 Chionanthus_virginicus
ott1008397 Chrysopsis_gossypina
ott752311 Chrysopsis_mariana
ott849188 Cinnamomum_camphora
ott3894731 Cirsium_horridulum
ott3894640 Cirsium_nuttallii
ott3942423 Citrus_aurantium
ott766167 Cladium_jamaicense
ott972677 Clematis_reticulata
ott3921110 Clitoria_mariana
ott607945 Cnidoscolus_stimulosus
ott4731155 Coelorachis_tuberculosa
ott212154 Commelina_diffusa
ott489986 Commelina_erecta
ott1008406 Conyza_canadensis
ott591405 Coreopsis_tinctoria
ott148264 Cornus_florida
ott610815 Cortaderia_selloana
ott3944903 Corydalis_micrantha
ott3903862 Crataegus_michauxii
ott564146 Crinum_moorei
ott3942943 Crocanthemum_carolinianum
ott3942945 Crocanthemum_corymbosum
ott929836 Croptilon_divaricatum
ott229536 Crotalaria_lanceolata
ott791078 Crotalaria_pallida_var._obovata
ott3927931 Crotalaria_rotundifolia
ott485370 Crotalaria_spectabilis
ott1002824 Croton_argyranthemus
ott276574 Croton_glandulosus
ott174817 Croton_michauxii
ott3954278 Ctenium_floridanum
ott426511 Cucumis_anguria
ott501898 Cuscuta_pentagona
ott99246 Cycas_revoluta
ott498468 Cyclospermum_leptophyllum
ott927435 Cynodon_dactylon
ott761357 Cyperus_compressus
ott3959497 Cyperus_croceus
ott36279 Cyperus_erythrorhizos
ott3959536 Cyperus_filiculmis
ott1058871 Cyperus_haspan
ott746674 Cyperus_odoratus
ott3959245 Cyperus_plukenetii
ott784600 Cyperus_polystachyos
ott3959228 Cyperus_retrorsus
ott306298 Cyperus_surinamensis
ott3959712 Cyperus_tetragonus
ott66740 Cyrilla_racemiflora
ott3928424 Dalea_feayi
ott3928500 Dalea_pinnata
ott820958 Decodon_verticillatus
ott34448 Descurainia_pinnata
ott3927348 Desmodium_ciliare
ott1002810 Desmodium_floridanum
ott168591 Desmodium_incanum
ott3927293 Desmodium_strictum
ott421264 Desmodium_tortuosum
ott421254 Desmodium_triflorum
ott3927442 Desmodium_viridiflorum
ott3955905 Dichanthelium_aciculare
ott717898 Dichanthelium_acuminatum
ott328745 Dichanthelium_commutatum
ott174722 Dichanthelium_dichotomum
ott3955961 Dichanthelium_ensifolium
ott3955964 Dichanthelium_erectifolium
ott3955889 Dichanthelium_laxiflorum
ott328741 Dichanthelium_oligosanthes
ott3955789 Dichanthelium_ovale
ott3955841 Dichanthelium_portoricense
ott543886 Dichanthelium_strigosum
ott3955177 Dichanthium_tenue
ott762137 Dichondra_carolinensis
ott3956416 Digitaria_bicornis
ott3956373 Digitaria_cognata
ott3956371 Digitaria_filiformis_var._villosa
ott3956249 Digitaria_longiflora
ott660098 Diodia_teres
ott525019 Diospyros_virginiana
ott587787 Drosera_brevifolia
ott596665 Drosera_capillaris
ott720644 Drosera_intermedia
ott182465 Drymaria_cordata
ott580886 Dulichium_arundinaceum
ott466094 Dyschoriste_oblongifolia
ott36264 Dysphania_ambrosioides
ott2579 Echinochloa_colonum
ott388356 Eleocharis_baldwinii
ott388347 Eleocharis_equisetoides
ott49636 Eleocharis_vivipara
ott1079708 Elephantopus_elatus
ott819056 Epidendrum_magnoliae
ott682176 Eragrostis_elliottii
ott724655 Eragrostis_minor
ott853365 Eragrostis_spectabilis
ott65673 Erechtites_hieraciifolius
ott843929 Eremochloa_ophiuroides
ott964714 Erigeron_quercifolius
ott964716 Erigeron_strigosus
ott3898701 Erigeron_vernus
ott207983 Eriobotrya_japonica
ott433562 Eriocaulon_compressum
ott3966120 Eriocaulon_lineare
ott885320 Eriogonum_tomentosum
ott817485 Eryngium_aromaticum
ott823155 Eryngium_baldwinii
ott998117 Eryngium_yuccifolium
ott3921502 Erythrina_herbacea
ott369573 Eubotrys_racemosa
ott314417 Euonymus_americanus
ott971141 Eupatorium_album
ott178309 Eupatorium_capillifolium
ott332356 Eupatorium_compositifolium
ott680370 Eupatorium_leptophyllum
ott1078284 Eupatorium_mohrii
ott504126 Euphorbia_hypericifolia
ott504121 Euphorbia_prostrata
ott3954571 Eustachys_neglecta
ott767151 Eustachys_petraea
ott991727 Euthamia_caroliniana
ott64657 Facelis_retusa
ott734180 Ficus_pumila
ott3960233 Fimbristylis_caroliniana
ott215121 Fimbristylis_dichotoma
ott258774 Froelichia_floridana
ott630373 Fuirena_pumila
ott630377 Fuirena_scirpoidea
ott3921728 Galactia_elliottii
ott3921684 Galactia_erecta
ott3921706 Galactia_mollis
ott3921677 Galactia_regularis
ott5521827 Galium_hispidulum
ott1003446 Galium_pilosum
ott569718 Gamochaeta_antillana
ott327293 Gamochaeta_purpurea
ott34663 Garberia_heterophylla
ott170521 Gaylussacia_dumosa
ott466432 Gaylussacia_nana
ott466428 Gaylussacia_tomentosa
ott125850 Gelsemium_sempervirens
ott141879 Geranium_carolinianum
ott1017131 Gomphrena_serrata
ott313385 Gordonia_lasianthus
ott1049673 Gratiola_hispida
ott604051 Gymnopogon_ambiguus
ott3972297 Habenaria_floribunda
ott193310 Habenaria_repens
ott769536 Helianthus_angustifolius
ott963147 Helianthus_radula
ott109443 Heliotropium_amplexicaule
ott794142 Hieracium_gronovii
ott5795178 Hieracium_megacephalon
ott898351 Houstonia_procumbens
ott3885875 Hydrocotyle_umbellata
ott6801 Hydrocotyle_verticillata
ott493075 Hypericum_brachyphyllum
ott657306 Hypericum_fasciculatum
ott723132 Hypericum_gentianoides
ott657301 Hypericum_hypericoides
ott609319 Hypericum_mutilum
ott426854 Hypericum_tetrapetalum
ott914614 Hypochaeris_chillensis
ott824795 Hypopitys_monotropa
ott1024295 Hyptis_mutabilis
ott3885619 Ilex_ambigua
ott468907 Ilex_cassine
ott222003 Ilex_cassine_var._myrtifolia
ott694217 Ilex_coriacea
ott468915 Ilex_cornuta
ott458761 Ilex_glabra
ott660052 Ilex_opaca
ott727576 Ilex_vomitoria
ott219767 Indigofera_caroliniana
ott1011944 Indigofera_hirsuta
ott768126 Indigofera_spicata
ott1026205 Indigofera_suffruticosa
ott77360 Ipomoea_cordatotriloba
ott928064 Ipomoea_hederifolia
ott1005223 Ipomoea_quamoclit
ott77362 Ipomoea_triloba
ott642541 Itea_virginica
ott106269 Jacquemontia_tamnifolia
ott1000025 Juncus_dichotomus
ott26727 Juncus_effusus
ott3964778 Juncus_elliottii
ott3964809 Juncus_marginatus
ott473571 Juncus_repens
ott15121 Juncus_scirpoides
ott287288 Juniperus_virginiana_var._silicicola
ott239716 Koelreuteria_elegans
ott595139 Krameria_lanceolata
ott732244 Krigia_virginica
ott337222 Kummerowia_striata
ott757392 Lachnanthes_caroliniana
ott266225 Lachnocaulon_anceps
ott395032 Lachnocaulon_engleri
ott179884 Lachnocaulon_minus
ott439514 Lactuca_graminifolia
ott844344 Lagerstroemia_indica
ott78889 Lantana_camara
ott3942953 Lechea_minor
ott3942954 Lechea_mucronata
ott3942969 Lechea_sessiliflora
ott1032135 Leersia_hexandra
ott338987 Lemna_aequinoctialis
ott483441 Lemna_valdiviana
ott872349 Lepidium_virginicum
ott337243 Lespedeza_hirta
ott654970 Lespedeza_procumbens
ott654959 Lespedeza_stuevei
ott1082107 Liatris_gracilis
ott1082103 Liatris_pauciflora
ott505570 Liatris_tenuifolia
ott846995 Licania_michauxii
ott561073 Limnobium_spongia
ott1067219 Linaria_canadensis
ott3883402 Linaria_floridana
ott135588 Lindernia_crustacea
ott62530 Liquidambar_styraciflua
ott3892913 Lobelia_glandulosa
ott3893084 Lobelia_paludosa
ott135777 Lolium_multiflorum
ott364078 Lonicera_sempervirens
ott609302 Ludwigia_alternifolia
ott260386 Ludwigia_arcuata
ott3933543 Ludwigia_leptocarpa
ott264261 Ludwigia_palustris
ott17330 Ludwigia_peruviana
ott3933534 Ludwigia_pilosa
ott950848 Ludwigia_suffruticosa
ott990778 Lupinus_diffusus
ott3865657 Lycopodiella_appressa
ott429356 Lycopodiella_cernua
ott3882981 Lycopus_rubellus
ott3898346 Lygodesmia_aphylla
ott687393 Lygodium_japonicum
ott894615 Lyonia_ferruginea
ott3900363 Lyonia_fruticosa
ott894621 Lyonia_lucida
ott3900364 Lyonia_mariana
ott622553 Magnolia_grandiflora
ott863066 Magnolia_virginiana
ott126294 Matelea_pubiflora
ott333076 Mayaca_fluviatilis
ott38032 Medicago_lupulina
ott916052 Melia_azedarach
ott38042 Melilotus_albus
ott600986 Melinis_repens
ott487827 Melothria_pendula
ott509213 Mikania_scandens
ott294857 Mimosa_quadrivalvis
ott762472 Mitchella_repens
ott584113 Mollugo_verticillata
ott514020 Monarda_punctata
ott539588 Monotropa_uniflora
ott791123 Morella_cerifera
ott791123 Morella_pumila
ott259037 Morus_rubra
ott550923 Murdannia_nudiflora
ott614421 Nephrolepis_cordifolia
ott966714 Nuphar_advena
ott583519 Nymphaea_odorata
ott12522 Nymphoides_aquatica
ott671013 Nyssa_sylvatica
ott12659 Oenothera_biennis
ott577645 Oenothera_laciniata
ott101477 Oenothera_simulans
ott1086223 Oldenlandia_corymbosa
ott331777 Oldenlandia_uniflora
ott79117 Ophioglossum_petiolatum
ott255139 Oplismenus_burmannii
ott939496 Oplismenus_hirtellus_subsp._setarius
ott5746567 Opuntia_mesacantha
ott6097148 Orbexilum_lupinellus
ott679352 Orontium_aquaticum
ott41620 Osmunda_regalis
ott41623 Osmundastrum_cinnamomeum
ott676618 Oxalis_corniculata
ott16333 Oxalis_debilis
ott3899602 Palafoxia_integrifolia
ott559087 Panicum_anceps_subsp._rhizomatum
ott712349 Panicum_dichotomiflorum
ott3956019 Panicum_hemitomon
ott793258 Panicum_repens
ott143639 Panicum_verrucosum
ott150971 Paronychia_americana
ott1070597 Paronychia_baldwinii
ott780481 Paronychia_patula
ott329904 Parthenocissus_quinquefolia
ott1043660 Paspalum_notatum
ott802298 Paspalum_plicatulum
ott228282 Paspalum_setaceum
ott807258 Paspalum_urvillei
ott415784 Passiflora_incarnata
ott437377 Pectis_prostrata
ott1023723 Pediomelum_canescens
ott1049795 Peltandra_virginica
ott501877 Pennisetum_purpureum
ott998384 Penstemon_multiflorus
ott141159 Persea_palustris
ott503462 Persicaria_glabra
ott478811 Persicaria_hydropiperoides
ott898321 Phlebodium_aureum
ott706216 Phlox_drummondii
ott831401 Phlox_nivalis
ott994316 Phoebanthus_grandiflorus
ott914231 Phoradendron_leucarpum
ott217653 Photinia_pyrifolia
ott668292 Phyla_nodiflora
ott411869 Phyllanthus_tenellus
ott399365 Phyllanthus_urinaria
ott819819 Phyllostachys_aurea
ott788350 Physalis_arenicola
ott146523 Physalis_virginiana
ott216619 Phytolacca_americana
ott217118 Pinus_clausa
ott245809 Pinus_elliottii
ott351667 Pinus_palustris
ott1075736 Pinus_taeda
ott510730 Piptochaetium_avenaceum
ott967539 Piriqueta_cistoides_subsp._caroliniana
ott177993 Pityopsis_graminifolia_var._latifolia
ott12535 Plantago_virginica
ott62543 Platanus_occidentalis
ott95634 Pleopeltis_polypodioides
ott978593 Pluchea_camphorata
ott5794234 Pluchea_rosea
ott510850 Poa_annua
ott382221 Poinsettia_heterophylla
ott5748472 Polanisia_tenuifolia
ott702787 Polygala_lutea
ott853285 Polygala_setacea
ott179378 Polygala_violacea
ott3944068 Polygonella_gracilis
ott201229 Polygonum_hirsutum
ott968278 Polypogon_monspeliensis
ott371364 Polypremum_procumbens
ott201064 Pontederia_cordata
ott498435 Portulaca_amilis
ott31366 Portulaca_pilosa
ott316480 Potamogeton_diversifolius
ott870898 Prunus_caroliniana
ott187948 Prunus_serotina
ott692793 Prunus_umbellata
ott250211 Pseudognaphalium_obtusifolium
ott769692 Psilotum_sp.
ott195639 Pteridium_aquilinum
ott4727386 Pterocaulon_pycnostachyum
ott3981438 Pteroglossaspis_ecristata
ott340473 Pyrrhopappus_carolinianus
ott972654 Pyrus_communis
ott695025 Quercus_chapmanii
ott403395 Quercus_geminata
ott432880 Quercus_hemisphaerica
ott833753 Quercus_incana
ott826983 Quercus_laevis
ott316112 Quercus_margarettae
ott691462 Quercus_myrtifolia
ott691458 Quercus_nigra
ott691482 Quercus_pumila
ott272703 Quercus_virginiana
ott924259 Rhexia_cubensis
ott56309 Rhexia_mariana
ott924263 Rhexia_nashii
ott269864 Rhododendron_simsii
ott731538 Rhus_copallinum
ott3921814 Rhynchosia_difformis
ott3922030 Rhynchosia_reniformis
ott3922008 Rhynchosia_tomentosa
ott267276 Rhynchospora_fascicularis
ott3961328 Rhynchospora_globularis
ott3961348 Rhynchospora_grayi
ott3961285 Rhynchospora_inundata
ott3961476 Rhynchospora_megalocarpa
ott3961313 Rhynchospora_microcephala
ott3961373 Rhynchospora_pusilla
ott3961221 Rhynchospora_scirpoides
ott188518 Richardia_brasiliensis
ott532509 Richardia_scabra
ott383273 Rosa_laevigata
ott714536 Rubus_argutus
ott714539 Rubus_cuneifolius
ott618034 Rubus_trivialis
ott36535 Rudbeckia_mollis
ott408772 Ruellia_caroliniensis
ott866351 Rumex_hastatulus
ott474786 Sabal_etonia
ott452735 Sabal_palmetto
ott3870590 Sabatia_grandiflora
ott145111 Saccharum_giganteum
ott566208 Sagittaria_graminea
ott1038309 Sagittaria_isoetiformis
ott678214 Sagittaria_lancifolia_subsp._media
ott484568 Sagittaria_latifolia
ott3915060 Salix_caroliniana
ott53768 Salvia_azurea
ott861971 Salvia_lyrata
ott192722 Salvinia_minima
ott998890 Sassafras_albidum
ott1009423 Saururus_cernuus
ott364056 Schizachyrium_sanguineum_var._hirtiflorum
ott338458 Schizachyrium_scoparium
ott3955120 Schizachyrium_scoparium_var._stoloniferum
ott631679 Schoenocaulon_dubium
ott228161 Scirpus_cyperinus
ott3957535 Scleria_ciliata
ott3957598 Scleria_muehlenbergii
ott152015 Scleria_reticularis
ott57517 Scleria_triglomerata
ott1068307 Scoparia_dulcis
ott3882677 Scutellaria_multiglandulosa
ott5793075 Scutellaria_racemosa
ott518089 Selaginella_arenicola
ott335059 Senna_obtusifolia
ott1058729 Sericocarpus_tortifolius
ott1054481 Sesbania_punicea
ott1049645 Setaria_magna
ott643122 Setaria_parviflora
ott3882475 Seymeria_cassioides
ott97345 Seymeria_pectinata
ott465458 Sida_rhombifolia
ott3942727 Sida_ulmifolia
ott1077723 Sideroxylon_rufohirtum
ott229978 Sideroxylon_tenax
ott205376 Silene_antirrhina
ott356402 Silphium_compositum
ott76114 Sisyrinchium_rosulatum
ott3966905 Smilax_auriculata
ott995721 Smilax_glauca
ott73624 Smilax_laurifolia
ott3966944 Smilax_pumila
ott3966964 Smilax_walteri
ott756802 Solanum_americanum
ott503666 Solanum_chenopodioides
ott450048 Solanum_viarum
ott872346 Solidago_altissima
ott788648 Solidago_arguta
ott3898777 Solidago_brachyphylla
ott3898763 Solidago_odora
ott3898804 Solidago_stricta
ott532259 Soliva_sessilis
ott338456 Sorghastrum_nutans
ott899430 Sorghastrum_secundum
ott422339 Spartina_bakeri
ott188514 Spermacoce_prostrata
ott3890190 Spermolepis_divaricata
ott652843 Spermolepis_echinata
ott356061 Sphenopholis_obtusata
ott258073 Spiraea_fritschiana
ott3973823 Spiranthes_tuberosa
ott90472 Sporobolus_clandestinus
ott647927 Sporobolus_diandrus
ott728967 Sporobolus_indicus
ott3953720 Sporobolus_junceus
ott248278 Stachys_floridana
ott432718 Stellaria_media
ott815627 Stenotaphrum_secundatum
ott86603 Stillingia_sylvatica
ott5143937 Stipulicida_setacea
ott3870459 Stylisma_abdita
ott61127 Stylisma_patens
ott886909 Stylodon_carneus
ott126841 Stylosanthes_biflora
ott581216 Symphyotrichum_concolor
ott943294 Symphyotrichum_dumosum
ott943292 Symphyotrichum_elliottii
ott316514 Symphyotrichum_porteri
ott296013 Symphyotrichum_undulatum
ott175503 Syngonanthus_flavidulus
ott741781 Taxodium_ascendens
ott3920119 Tephrosia_chrysophylla
ott3920319 Tephrosia_florida
ott3920293 Tephrosia_mohrii
ott3920153 Tephrosia_virginiana
ott3963243 Tillandsia_bartramii
ott602438 Tillandsia_recurvata
ott774278 Tillandsia_usneoides
ott21239 Toxicodendron_pubescens
ott411489 Toxicodendron_radicans
ott213145 Tradescantia_ohiensis
ott500830 Tradescantia_roseolens
ott255017 Tragia_urens
ott201942 Triadenum_virginicum
ott363561 Triadica_sebifera
ott134754 Trichostema_dichotomum
ott161821 Trichostema_setaceum
ott649828 Trifolium_campestre
ott116218 Trifolium_repens
ott1019186 Triodanis_perfoliata
ott522785 Triplasis_americana
ott613200 Typha_latifolia
ott485925 Urena_lobata
ott896835 Urochloa_ramosa
ott3907836 Urtica_chamaedryoides
ott430917 Utricularia_cornuta
ott3883211 Utricularia_floridana
ott820026 Utricularia_gibba
ott511824 Utricularia_inflata
ott657363 Utricularia_olivacea
ott502882 Utricularia_purpurea
ott3883213 Utricularia_radiata
ott709944 Utricularia_resupinata
ott135224 Utricularia_subulata
ott72678 Vaccinium_arboreum
ott567253 Vaccinium_corymbosum
ott735748 Vaccinium_myrsinites
ott909420 Vaccinium_stamineum
ott493355 Verbena_halei
ott3882507 Verbena_scabra
ott775692 Vernonia_angustifolia
ott317416 Veronica_arvensis
ott51719 Viburnum_rufidulum
ott137007 Vicia_tetrasperma
ott697878 Viola_lanceolata
ott3915472 Viola_palmata
ott295613 Viola_sororia
ott329911 Vitis_aestivalis
ott314458 Vitis_cinerea
ott650748 Vitis_rotundifolia
ott460968 Vittaria_lineata
ott33577 Vulpia_octoflora
ott76122 Wahlenbergia_marginata
ott91087 Websteria_confervoides
ott82023 Woodwardia_areolata
ott603702 Woodwardia_virginica
ott3964416 Xyris_ambigua
ott3964647 Xyris_baldwiniana
ott3964446 Xyris_caroliniana
ott199549 Youngia_japonica
ott978478 Yucca_aloifolia
ott974212 Yucca_filamentosa
ott616613 Zamia_pumila
ott122236 Zephyranthes_simpsonii
ott3927086 Zornia_bracteata
