ott883527 Abies_balsamea
ott854500 Abutilon_theophrasti
ott259033 Acalypha_rhomboidea
ott1032032 Acer_pensylvanicum
ott1039827 Acer_rubrum
ott948916 Acer_saccharum
ott403782 Acer_spicatum
ott828103 Achillea_millefolium
ott462239 Actaea_pachypoda
ott462245 Actaea_rubra
ott190952 Adiantum_pedatum
ott328768 Aegopodium_podagraria
ott82797 Agalinis_paupercula
ott131876 Agalinis_purpurea
ott703624 Agrimonia_gryposepala
ott603346 Agrostis_canina
ott550221 Agrostis_capillaris
ott968287 Agrostis_gigantea
ott883668 Agrostis_hyemalis
ott3951256 Agrostis_perennans
ott307879 Agrostis_stolonifera
ott11338 Ajuga_reptans
ott440662 Alliaria_petiolata
ott639096 Alnus_hirsuta
ott791133 Alnus_incana
ott939663 Alnus_serrulata
ott463754 Alopecurus_pratensis
ott892638 Amaranthus_retroflexus
ott465438 Ambrosia_artemisiifolia
ott27846 Ambrosia_psilostachya
ott45831 Amelanchier_canadensis
ott566686 Amelanchier_laevis
ott566678 Amelanchier_stolonifera
ott582639 Ampelopsis_brevipedunculata
ott1063924 Amphicarpaea_bracteata
ott592636 Anaphalis_margaritacea
ott735766 Andromeda_glaucophylla
ott761207 Andropogon_gerardii
ott693540 Anemone_americana
ott421853 Anemone_quinquefolia
ott977431 Anemone_virginiana
ott3890313 Angelica_atropurpurea
ott541006 Antennaria_neglecta
ott541000 Antennaria_plantaginifolia
ott154885 Anthemis_cotula
ott188813 Anthoxanthum_odoratum
ott488051 Apios_americana
ott513856 Apocynum_androsaemifolium
ott947692 Aquilegia_canadensis
ott964058 Aquilegia_vulgaris
ott407496 Arabis_glabra
ott712998 Aralia_hispida
ott534056 Aralia_nudicaulis
ott534062 Aralia_racemosa
ott776695 Aralia_spinosa
ott673427 Arceuthobium_pusillum
ott756713 Arctium_minus
ott1049801 Arisaema_triphyllum
ott309283 Armoracia_rusticana
ott217653 Aronia_arbutifolia
ott62443 Aronia_melanocarpa
ott368889 Arrhenatherum_elatius
ott1092844 Artemisia_vulgaris
ott729868 Asarum_canadense
ott22360 Asclepias_exaltata
ott662160 Asclepias_incarnata
ott148395 Asclepias_syriaca
ott1079925 Asplenium_platyneuron
ott302576 Asplenium_trichomanes
ott4727901 Aster_acuminatus
ott194048 Aster_cordifolius
ott1078260 Aster_divaricatus
ott336716 Aster_ericoides
ott417521 Aster_fragilis
ott3898562 Aster_laevis
ott733563 Aster_lateriflorus
ott448432 Aster_linariifolius
ott487162 Aster_macrophyllus
ott1076649 Aster_paternus
ott733569 Aster_pilosus
ott316517 Aster_puniceus
ott431547 Aster_umbellatus
ott296013 Aster_undulatus
ott1099133 Aureolaria_pedicularia
ott3882469 Aureolaria_virginica
ott35910 Barbarea_vulgaris
ott889100 Bartonia_virginica
ott1072153 Berberis_thunbergii
ott996604 Berberis_vulgaris
ott452595 Betula_alleghaniensis
ott567472 Betula_lenta
ott267725 Betula_papyrifera
ott46581 Betula_populifolia
ott86785 Bidens_cernua
ott3899720 Bidens_connata
ott86774 Bidens_frondosa
ott659764 Bidens_molokaiensis
ott3907833 Boehmeria_cylindrica
ott405385 Botrychium_dissectum
ott803254 Botrychium_lanceolatum
ott178161 Botrychium_multifidum
ott558741 Botrychium_oneidense
ott229300 Botrychium_simplex
ott756444 Botrychium_virginianum
ott76547 Brachyelytrum_septentrionale
ott10946 Brasenia_schreberi
ott309288 Brassica_sp.
ott242836 Bromus_ciliatus
ott3960552 Bulbostylis_capillaris
ott792769 Calamagrostis_canadensis
ott668688 Calla_palustris
ott1080802 Callitriche_heterophylla
ott338217 Callitriche_verna
ott915011 Calopogon_tuberosus
ott387810 Caltha_palustris
ott576475 Calystegia_sepium
ott908029 Campanula_aparinoides
ott589792 Campanula_rapunculoides
ott556235 Cardamine_pensylvanica
ott3958942 Carex_abscondita
ott5759259 Carex_albicans_var._emmonsii
ott948494 Carex_annectens
ott539638 Carex_appalachica
ott461205 Carex_arctata
ott457555 Carex_argyrantha
ott574840 Carex_atlantica_subsp._capillacea
ott1038087 Carex_blanda
ott15680 Carex_brevior
ott193876 Carex_bromoides
ott870262 Carex_brunnescens
ott4163 Carex_canescens
ott329196 Carex_cephalophora
ott354463 Carex_communis
ott539297 Carex_comosa
ott1018231 Carex_crinita
ott114695 Carex_cryptolepis
ott354467 Carex_debilis
ott1038081 Carex_deweyana
ott354471 Carex_digitalis
ott13994 Carex_disperma
ott397258 Carex_echinata
ott1047911 Carex_folliculata
ott304582 Carex_gracillima
ott525041 Carex_granularis
ott525043 Carex_gynandra
ott907194 Carex_intumescens
ott3957989 Carex_lacustris
ott988027 Carex_lasiocarpa
ott3958827 Carex_laxiculmis
ott1038071 Carex_laxiflora
ott8161 Carex_leptalea
ott3957776 Carex_leptonervia
ott338724 Carex_lucorum
ott879278 Carex_lupulina
ott879280 Carex_lurida
ott84557 Carex_normalis
ott822855 Carex_ormostachya
ott454183 Carex_pallescens
ott454175 Carex_pedunculata
ott511536 Carex_pensylvanica
ott511538 Carex_plantaginea
ott3958938 Carex_platyphylla
ott1030615 Carex_prasina
ott958307 Carex_projecta
ott958312 Carex_radiata
ott958323 Carex_rosea
ott958321 Carex_scabrata
ott32995 Carex_scoparia
ott193874 Carex_stipata
ott957030 Carex_stricta
ott405984 Carex_swanii
ott710866 Carex_tenera
ott404071 Carex_torta
ott58712 Carex_tribuloides
ott432495 Carex_trisperma
ott432497 Carex_tuckermanii
ott863324 Carex_umbellata
ott1097060 Carex_utriculata
ott847600 Carex_vesicaria
ott432499 Carex_vestita
ott115391 Carex_virescens
ott404059 Carex_vulpinoidea
ott466474 Carpinus_caroliniana
ott498463 Carum_carvi
ott199032 Carya_cordiformis
ott899017 Carya_glabra
ott1064112 Carya_ovata
ott562865 Castanea_dentata
ott540978 Castanea_mollissima
ott190644 Caulophyllum_thalictroides
ott56757 Celastrus_orbiculatus
ott282740 Celastrus_scandens
ott306343 Centaurea_biebersteinii
ott581830 Cephalanthus_occidentalis
ott625399 Cerastium_fontanum
ott324770 Chamaedaphne_calyculata
ott683660 Chamaesyce_maculata
ott957283 Chelidonium_majus
ott261500 Chelone_glabra
ott892395 Chenopodium_album
ott680180 Chimaphila_maculata
ott680175 Chimaphila_umbellata
ott371806 Chrysanthemum_leucanthemum
ott732661 Chrysosplenium_americanum
ott692350 Cichorium_intybus
ott736735 Cicuta_bulbifera
ott1052859 Cicuta_maculata
ott188848 Cinna_latifolia
ott843597 Circaea_alpina
ott368031 Circaea_lutetiana
ott591412 Cirsium_arvense
ott597707 Cirsium_vulgare
ott108717 Cladium_mariscoides
ott1074607 Clematis_virginiana
ott274812 Clethra_alnifolia
ott482043 Clinopodium_vulgare
ott520109 Clintonia_borealis
ott904688 Coeloglossum_viride
ott964845 Comandra_umbellata
ott877757 Commelina_communis
ott706092 Comptonia_peregrina
ott1088891 Convallaria_majalis
ott1008406 Conyza_canadensis
ott982768 Coptis_trifolia
ott300565 Corallorhiza_maculata
ott826234 Corallorhiza_trifida
ott505075 Cornus_alternifolia
ott705053 Cornus_amomum
ott148259 Cornus_canadensis
ott148264 Cornus_florida
ott148274 Cornus_racemosa
ott920389 Cornus_rugosa
ott55325 Cornus_sericea
ott438095 Corydalis_sempervirens
ott731679 Corylus_americana
ott424330 Corylus_cornuta
ott3903863 Crataegus_macrosperma
ott740507 Crocus_sp.
ott77369 Cuscuta_gronovii
ott3869241 Cynoglossum_virginianum
ott3960028 Cyperus_bipartitus
ott36279 Cyperus_erythrorhizos
ott362401 Cyperus_esculentus
ott703611 Cyperus_lupulinus
ott157129 Cyperus_strigosus
ott530302 Cypripedium_acaule
ott718934 Cystopteris_fragilis
ott83469 Dactylis_glomerata
ott148077 Dalibarda_repens
ott385465 Danthonia_compressa
ott356118 Danthonia_spicata
ott372836 Daucus_carota
ott820958 Decodon_verticillatus
ott11456 Dennstaedtia_punctilobula
ott48708 Deparia_acrostichoides
ott666943 Desmodium_glutinosum
ott666937 Desmodium_nudiflorum
ott829226 Dianthus_armeria
ott590078 Dianthus_barbatus
ott188564 Dianthus_deltoides
ott872957 Dicentra_eximia
ott717898 Dichanthelium_acuminatum
ott3955841 Dichanthelium_acuminatum_subsp._columbianum
ott3955908 Dichanthelium_boreale
ott213094 Dichanthelium_clandestinum
ott174722 Dichanthelium_dichotomum
ott363818 Dichanthelium_latifolium
ott363824 Dichanthelium_linearifolium
ott3955720 Dichanthelium_xanthophysum
ott30692 Diervilla_lonicera
ott75208 Digitalis_sp.
ott1015683 Digitaria_ischaemum
ott971465 Digitaria_sanguinalis
ott634835 Diphasiastrum_digitatum
ott600712 Diphasiastrum_tristachyum
ott1015612 Dirca_palustris
ott720644 Drosera_intermedia
ott845045 Drosera_rotundifolia
ott3866513 Dryopteris_boottii
ott390736 Dryopteris_carthusiana
ott718929 Dryopteris_cristata
ott722159 Dryopteris_intermedia
ott1056059 Dryopteris_marginalis
ott3866523 Dryopteris_uliginosa
ott580886 Dulichium_arundinaceum
ott2587 Echinochloa_crusgalli
ott703605 Echinochloa_muricata
ott511515 Elaeagnus_umbellata
ott925324 Eleocharis_acicularis
ott388349 Eleocharis_flavescens
ott913835 Eleocharis_obtusa
ott913837 Eleocharis_palustris
ott760820 Eleocharis_tenuis
ott339272 Elymus_hystrix
ott218255 Elytrigia_repens
ott648839 Epifagus_virginiana
ott587562 Epigaea_repens
ott139466 Epilobium_angustifolium
ott181424 Epilobium_ciliatum
ott1094806 Epilobium_coloratum
ott3933530 Epilobium_leptophyllum
ott940374 Epilobium_palustre
ott647082 Epipactis_helleborine
ott718999 Equisetum_arvense
ott542342 Equisetum_sylvaticum
ott82366 Eragrostis_pectinacea
ott245118 Eragrostis_pilosa
ott65673 Erechtites_hieraciifolia
ott747367 Erigeron_annuus
ott438840 Erigeron_pulchellus
ott964716 Erigeron_strigosus
ott3959174 Eriophorum_virginicum
ott36287 Erysimum_cheiranthoides
ott445473 Erythronium_americanum
ott601141 Euonymus_alatus
ott484232 Euonymus_fortunei
ott764455 Eupatorium_maculatum
ott1032099 Eupatorium_perfoliatum
ott329735 Eupatorium_purpureum
ott345514 Eupatorium_rugosum
ott825702 Euphorbia_cyparissias
ott957394 Euthamia_graminifolia
ott904381 Fagopyrum_esculentum
ott422459 Fagus_grandifolia
ott774712 Fagus_sylvatica
ott669109 Fallopia_cilinodis
ott362478 Fallopia_convolvulus
ott243387 Fallopia_japonica
ott132238 Fallopia_scandens
ott105576 Festuca_arundinacea
ott302790 Festuca_filiformis
ott606687 Festuca_ovina
ott105567 Festuca_pratensis
ott202297 Festuca_rubra
ott5800523 Festuca_trachyphylla
ott1004791 Fragaria_virginiana
ott671807 Fraxinus_americana
ott846444 Fraxinus_nigra
ott400164 Galinsoga_quadriradiata
ott3872821 Galium_asprellum
ott466180 Galium_circaezans
ott1094804 Galium_lanceolatum
ott720440 Galium_mollugo
ott233580 Galium_palustre
ott952322 Galium_tinctorium
ott414746 Galium_trifidum
ott952328 Galium_triflorum
ott643057 Gaultheria_hispidula
ott643041 Gaultheria_procumbens
ott170513 Gaylussacia_baccata
ott170524 Gaylussacia_frondosa
ott3870536 Gentiana_clausa
ott3870557 Gentiana_linearis
ott59843 Gentianopsis_crinita
ott3942222 Geranium_maculatum
ott435815 Geranium_robertianum
ott77545 Geum_aleppicum
ott124269 Geum_canadense
ott3904007 Geum_laciniatum
ott829919 Geum_rivale
ott22375 Glechoma_hederacea
ott557286 Glyceria_borealis
ott260 Glyceria_canadensis
ott271603 Glyceria_melicaria
ott363822 Glyceria_obtusa
ott557288 Glyceria_striata
ott250211 Gnaphalium_obtusifolium
ott569714 Gnaphalium_uliginosum
ott188859 Goodyera_pubescens
ott936351 Goodyera_tesselata
ott739143 Gratiola_aurea
ott718926 Gymnocarpium_dryopteris
ott60713 Hamamelis_virginiana
ott6114554 Helianthemum_bicknellii
ott314179 Helianthemum_canadense
ott515709 Helianthus_tuberosus
ott62294 Hemerocallis_fulva
ott903092 Heracleum_maximum
ott281533 Hesperis_matronalis
ott724344 Heteranthera_dubia
ott285884 Hieracium_aurantiacum
ott809699 Hieracium_caespitosum
ott439508 Hieracium_paniculatum
ott920718 Hieracium_piloselloides
ott974019 Hieracium_scabrum
ott1095913 Hieracium_umbellatum
ott1095904 Hieracium_venosum
ott762970 Holcus_lanatus
ott661612 Houstonia_caerulea
ott84020 Humulus_lupulus
ott79108 Huperzia_lucidula
ott785493 Hydrangea_arborescens
ott3885922 Hydrocotyle_americana
ott304196 Hypericum_boreale
ott199607 Hypericum_canadense
ott594129 Hypericum_ellipticum
ott723132 Hypericum_gentianoides
ott609319 Hypericum_mutilum
ott618681 Hypericum_perforatum
ott905349 Hypericum_punctatum
ott388993 Hypochaeris_radicata
ott745666 Ilex_laevigata
ott68444 Ilex_verticillata
ott488923 Impatiens_capensis
ott43059 Iris_pseudacorus
ott562949 Iris_versicolor
ott70111 Juglans_cinerea
ott1072887 Juglans_nigra
ott3964838 Juncus_acuminatus
ott523836 Juncus_articulatus
ott587708 Juncus_brevicaudatus
ott523832 Juncus_bufonius
ott15100 Juncus_canadensis
ott26727 Juncus_effusus
ott3964977 Juncus_greenei
ott3964809 Juncus_marginatus
ott15105 Juncus_pelocarpus
ott1094808 Juncus_tenuis
ott582859 Juniperus_communis
ott78161 Juniperus_virginiana
ott673647 Kalmia_angustifolia
ott743767 Kalmia_latifolia
ott373036 Kalmia_polifolia
ott439510 Lactuca_biennis
ott394067 Lactuca_canadensis
ott439506 Lactuca_hirsuta
ott348791 Laportea_canadensis
ott804263 Larix_laricina
ott3942958 Lechea_intermedia
ott3942954 Lechea_mucronata
ott649881 Ledum_groenlandicum
ott137222 Leersia_oryzoides
ott220789 Leontodon_autumnalis
ott285418 Leonurus_cardiaca
ott806482 Lepidium_densiflorum
ott872349 Lepidium_virginicum
ott822724 Lespedeza_capitata
ott597434 Ligustrum_vulgare
ott203221 Lilium_canadense
ott726543 Lilium_philadelphicum
ott989669 Linaria_vulgaris
ott498693 Lindera_benzoin
ott999622 Lindernia_dubia
ott819501 Linnaea_borealis
ott777299 Liriodendron_tulipifera
ott665771 Lobelia_cardinalis
ott618368 Lobelia_inflata
ott3892855 Lobelia_spicata
ott135774 Lolium_perenne
ott124277 Lonicera_canadensis
ott920862 Lonicera_dioica
ott484242 Lonicera_morrowii
ott3892205 Lonicera_villosa
ott264261 Ludwigia_palustris
ott878988 Lupinus_sp.
ott334525 Luzula_multiflora
ott600717 Lycopodiella_inundata
ott634837 Lycopodium_annotinum
ott719017 Lycopodium_clavatum
ott676502 Lycopodium_lagopus
ott861024 Lycopodium_obscurum
ott1094814 Lycopus_americanus
ott619550 Lycopus_uniflorus
ott3882976 Lycopus_virginicus
ott894618 Lyonia_ligustrina
ott937007 Lysimachia_ciliata
ott647181 Lysimachia_nummularia
ott55202 Lysimachia_quadrifolia
ott970635 Lysimachia_terrestris
ott760261 Lysimachia_vulgaris
ott886851 Lythrum_salicaria
ott1028528 Maianthemum_canadense
ott497816 Maianthemum_racemosum
ott539415 Maianthemum_trifolium
ott3980396 Malaxis_unifolia
ott854961 Malus_pumila
ott321921 Malus_sieboldii
ott297263 Malva_moschata
ott642476 Malva_neglecta
ott896512 Matricaria_matricarioides
ott667477 Matteuccia_struthiopteris
ott833033 Medeola_virginiana
ott38032 Medicago_lupulina
ott1086789 Medicago_sativa
ott671529 Melampyrum_lineare
ott38048 Melilotus_officinalis
ott531851 Mentha_arvensis
ott27827 Mentha_spicata
ott1069766 Menyanthes_trifoliata
ott999923 Mimulus_ringens
ott762472 Mitchella_repens
ott584113 Mollugo_verticillata
ott680168 Moneses_uniflora
ott824795 Monotropa_hypopithys
ott539588 Monotropa_uniflora
ott239998 Muhlenbergia_frondosa
ott722767 Muhlenbergia_tenuiflora
ott2055 Muhlenbergia_uniflora
ott89325 Myosotis_scorpioides
ott79360 Myrica_gale
ott836625 Myriophyllum_humile
ott814195 Najas_flexilis
ott601098 Nemopanthus_mucronatus
ott583528 Nuphar_variegata
ott1067219 Nuttallanthus_canadensis
ott583519 Nymphaea_odorata
ott671013 Nyssa_sylvatica
ott12659 Oenothera_biennis
ott891451 Oenothera_parviflora
ott980240 Oenothera_perennis
ott41631 Onoclea_sensibilis
ott373779 Orobanche_uniflora
ott680189 Orthilia_secunda
ott981428 Oryzopsis_asperifolia
ott477784 Oryzopsis_racemosa
ott41623 Osmunda_cinnamomea
ott765285 Osmunda_claytoniana
ott41620 Osmunda_regalis
ott747780 Ostrya_virginiana
ott29304 Oxalis_dillenii
ott5748715 Oxalis_montana
ott237293 Oxalis_stricta
ott314707 Pachysandra_sp.
ott831308 Panax_quinquefolius
ott160832 Panax_trifolius
ott755496 Panicum_capillare
ott712349 Panicum_dichotomiflorum
ott717905 Panicum_rigidulum
ott329904 Parthenocissus_quinquefolia
ott3882309 Pedicularis_canadensis
ott1049795 Peltandra_virginica
ott927773 Persicaria_arifolia
ott478819 Persicaria_careyi
ott896894 Persicaria_hydropiper
ott478811 Persicaria_hydropiperoides
ott1006197 Persicaria_lapathifolia
ott19864 Persicaria_longiseta
ott439770 Persicaria_maculosa
ott701572 Persicaria_pensylvanica
ott701627 Persicaria_punctata
ott143983 Persicaria_sagittata
ott408214 Phalaris_arundinacea
ott672741 Phegopteris_connectilis
ott1016455 Phellodendron_sp.
ott3900147 Philadelphus_coronarius
ott578767 Phleum_pratense
ott486683 Phlox_paniculata
ott712330 Phragmites_australis
ott216619 Phytolacca_americana
ott517943 Picea_abies
ott771681 Picea_glauca
ott363879 Picea_mariana
ott248313 Picea_pungens
ott771655 Picea_rubens
ott1091023 Pilea_pumila
ott81207 Pinus_resinosa
ott636907 Pinus_rigida
ott568616 Pinus_strobus
ott568619 Pinus_sylvestris
ott376074 Plantago_lanceolata
ott122965 Plantago_major
ott989042 Plantago_rugelii
ott5342635 Platanthera_clavellata
ott1069822 Platanthera_grandiflora
ott3971946 Platanthera_hookeri
ott1069836 Platanthera_hyperborea
ott3971856 Platanthera_lacera
ott3971850 Platanthera_psycodes
ott62543 Platanus_occidentalis
ott510850 Poa_annua
ott923690 Poa_compressa
ott814183 Poa_nemoralis
ott923698 Poa_palustris
ott1079463 Poa_pratensis
ott702797 Pogonia_ophioglossoides
ott1010426 Polygala_paucifolia
ott377910 Polygala_polygama
ott515894 Polygala_sanguinea
ott279840 Polygonatum_pubescens
ott302159 Polygonella_articulata
ott143996 Polygonum_aviculare
ott860113 Polypodium_virginianum
ott647092 Polystichum_acrostichoides
ott201064 Pontederia_cordata
ott8867 Populus_deltoides
ott1035526 Populus_grandidentata
ott8858 Populus_tremuloides
ott883494 Portulaca_oleracea
ott684476 Potamogeton_bicupulatus
ott684468 Potamogeton_epihydrus
ott326157 Potamogeton_natans
ott161404 Potamogeton_pulcher
ott161400 Potamogeton_pusillus_subsp._pusillus
ott355267 Potentilla_argentea
ott3904613 Potentilla_canadensis
ott902633 Potentilla_norvegica
ott768212 Potentilla_recta
ott396171 Potentilla_simplex
ott475547 Prenanthes_altissima
ott475557 Prenanthes_sp.
ott1016043 Prenanthes_trifoliolata
ott898056 Proserpinaca_palustris
ott305931 Prunella_vulgaris
ott162547 Prunus_avium
ott692790 Prunus_nigra
ott180915 Prunus_pensylvanica
ott259054 Prunus_persica
ott187948 Prunus_serotina
ott769156 Prunus_virginiana
ott195639 Pteridium_aquilinum
ott533428 Puschkinia_libanotica
ott106228 Pyrola_americana
ott106235 Pyrola_chlorantha
ott106233 Pyrola_elliptica
ott972654 Pyrus_communis
ott791112 Quercus_alba
ott494536 Quercus_coccinea
ott6098551 Quercus_prinus
ott791115 Quercus_rubra
ott581813 Quercus_velutina
ott744171 Ranunculus_abortivus
ott387818 Ranunculus_acris
ott491491 Ranunculus_aquatilis
ott784354 Ranunculus_bulbosus
ott170551 Ranunculus_recurvatus
ott310805 Ranunculus_repens
ott904368 Rhamnus_cathartica
ott714690 Rhamnus_frangula
ott257177 Rhododendron_canadense
ott735744 Rhododendron_maximum
ott310847 Rhododendron_prinophyllum
ott140455 Rhododendron_viscosum
ott731538 Rhus_copallina
ott598794 Rhus_glabra
ott856671 Rhus_hirta
ott419082 Rhynchospora_alba
ott3961431 Rhynchospora_capitellata
ott3014 Rhynchospora_fusca
ott154659 Ribes_glandulosum
ott104000 Ribes_hirtellum
ott154642 Ribes_rubrum
ott928416 Robinia_pseudoacacia
ott333900 Rosa_carolina
ott908464 Rosa_multiflora
ott928201 Rosa_palustris
ott148072 Rubus_allegheniensis
ott148064 Rubus_canadensis
ott896744 Rubus_flagellaris
ott412675 Rubus_hispidus
ott156929 Rubus_idaeus
ott670811 Rubus_occidentalis
ott96577 Rubus_odoratus
ott96572 Rubus_pubescens
ott618046 Rubus_setosus
ott837485 Rudbeckia_hirta
ott763019 Rumex_acetosella
ott516846 Rumex_crispus
ott3943866 Rumex_longifolius
ott904388 Rumex_obtusifolius
ott625403 Sagina_procumbens
ott484568 Sagittaria_latifolia
ott164207 Salix_bebbiana
ott164187 Salix_discolor
ott574448 Salix_eriocephala
ott738063 Salix_humilis
ott795555 Salix_lucida
ott554053 Salix_sericea
ott142026 Sambucus_canadensis
ott1042133 Sambucus_racemosa
ott1014682 Sanguinaria_canadensis
ott3892174 Sanicula_marilandica
ott842209 Saponaria_officinalis
ott137603 Sarracenia_purpurea
ott998890 Sassafras_albidum
ott600285 Saxifraga_pensylvanica
ott78738 Saxifraga_virginiensis
ott180834 Schizachne_purpurascens
ott338458 Schizachyrium_scoparium
ott3960874 Schoenoplectus_purshianus
ott3960842 Schoenoplectus_subterminalis
ott265373 Schoenoplectus_tabernaemontani
ott978711 Scilla_siberica
ott493923 Scirpus_atrocinctus
ott228161 Scirpus_cyperinus
ott228163 Scirpus_expansus
ott228169 Scirpus_hattorianus
ott883168 Scirpus_microcarpus
ott3959137 Scirpus_pedicellatus
ott564 Scleranthus_annuus
ott907313 Scutellaria_galericulata
ott583395 Scutellaria_lateriflora
ott553015 Secale_cereale
ott316299 Sedum_telephium
ott810616 Sedum_ternatum
ott78166 Selaginella_apoda
ott409560 Senecio_aureus
ott187854 Senecio_obovatus
ott754105 Senecio_vulgaris
ott388387 Setaria_faberi
ott604449 Setaria_pumila
ott552997 Setaria_viridis
ott609504 Silene_latifolia
ott605248 Sisymbrium_altissimum
ott410847 Sisymbrium_officinale
ott527765 Sisyrinchium_atlanticum
ott74500 Sisyrinchium_montanum
ott652846 Sium_suave
ott272791 Smilax_herbacea
ott121226 Solanum_dulcamara
ott494831 Solanum_nigrum
ott788648 Solidago_arguta
ott1024291 Solidago_bicolor
ott788656 Solidago_caesia
ott872344 Solidago_canadensis
ott1083536 Solidago_flexicaulis
ott1083535 Solidago_gigantea
ott1083530 Solidago_juncea
ott788652 Solidago_nemoralis
ott3898763 Solidago_odora
ott929828 Solidago_rugosa
ott1024287 Solidago_uliginosa
ott761937 Sonchus_asper
ott873712 Sorbaria_sorbifolia
ott667058 Sorbus_americana
ott741361 Sparganium_americanum
ott120800 Sparganium_angustifolium
ott1095840 Spergularia_rubra
ott500736 Sphenopholis_obtusata_var._major
ott774987 Spiraea_alba
ott314422 Spiraea_tomentosa
ott280972 Spiranthes_cernua
ott721381 Spiranthes_lacera
ott853357 Sporobolus_vaginiflorus
ott797019 Stellaria_borealis
ott424681 Stellaria_graminea
ott432718 Stellaria_media
ott62285 Streptopus_roseus
ott717590 Symphoricarpos_albus
ott781333 Symplocarpus_foetidus
ott733236 Syringa_vulgaris
ott602516 Tanacetum_vulgare
ott451182 Taraxacum_officinale
ott799895 Taxus_canadensis
ott532742 Thalictrum_pubescens
ott797167 Thelypteris_noveboracensis
ott915109 Thelypteris_palustris
ott3866346 Thelypteris_simulata
ott463720 Thuja_occidentalis
ott878540 Thymus_pulegioides
ott738831 Tiarella_cordifolia
ott770764 Tilia_americana
ott405677 Torreyochloa_pallida
ott411489 Toxicodendron_radicans
ott982258 Toxicodendron_vernix
ott418348 Tragopogon_pratensis
ott952759 Triadenum_fraseri
ott949354 Triadenum_sp.
ott201942 Triadenum_virginicum
ott134754 Trichostema_dichotomum
ott206111 Trientalis_borealis
ott689169 Trifolium_arvense
ott689166 Trifolium_aureum
ott649828 Trifolium_campestre
ott839027 Trifolium_pratense
ott116218 Trifolium_repens
ott535817 Trillium_erectum
ott594644 Trillium_undulatum
ott117276 Tsuga_canadensis
ott17923 Typha_angustifolia
ott613200 Typha_latifolia
ott706094 Ulmus_americana
ott267705 Urtica_dioica
ott430917 Utricularia_cornuta
ott956887 Utricularia_geminiscapa
ott820026 Utricularia_gibba
ott502882 Utricularia_purpurea
ott3883213 Utricularia_radiata
ott604700 Utricularia_vulgaris
ott257170 Uvularia_perfoliata
ott375378 Uvularia_sessilifolia
ott3900375 Vaccinium_angustifolium
ott567253 Vaccinium_corymbosum
ott295602 Vaccinium_macrocarpon
ott3900372 Vaccinium_myrtilloides
ott425957 Vaccinium_oxycoccos
ott466423 Vaccinium_pallidum
ott453154 Veratrum_viride
ott35629 Verbascum_thapsus
ott186865 Verbena_hastata
ott317416 Veronica_arvensis
ott492806 Veronica_officinalis
ott827667 Veronica_scutellata
ott115123 Veronica_serpyllifolia
ott1042145 Viburnum_acerifolium
ott595371 Viburnum_dentatum_var._lucidum
ott572545 Viburnum_lantanoides
ott117453 Viburnum_opulus
ott539541 Vicia_cracca
ott1056096 Vicia_sativa
ott137007 Vicia_tetrasperma
ott142101 Vinca_minor
ott563144 Viola_blanda
ott162690 Viola_conspersa
ott1089599 Viola_cucullata
ott697878 Viola_lanceolata
ott512670 Viola_macloskeyi
ott3915472 Viola_palmata
ott1039240 Viola_pubescens
ott462217 Viola_rotundifolia
ott265431 Viola_sagittata
ott295613 Viola_sororia
ott329911 Vitis_aestivalis
ott683964 Vitis_labrusca
ott785481 Vitis_riparia
ott603702 Woodwardia_virginica
ott323761 Xyris_difformis
ott3964611 Xyris_montana
ott760765 Zanthoxylum_americanum
ott428216 Zizia_aurea
