ott876317 Abies_fraseri
ott259033 Acalypha_rhomboidea
ott3910665 Acalypha_virginica
ott1032032 Acer_pensylvanicum
ott1039827 Acer_rubrum
ott948916 Acer_saccharum
ott403782 Acer_spicatum
ott828103 Achillea_millefolium
ott3944957 Aconitum_reclinatum
ott3944950 Aconitum_uncinatum
ott462239 Actaea_pachypoda
ott512702 Actaea_racemosa
ott190952 Adiantum_pedatum
ott199581 Aesculus_flava
ott131876 Agalinis_purpurea
ott1099129 Agalinis_tenuifolia
ott703624 Agrimonia_gryposepala
ott3904108 Agrimonia_microcarpa
ott833575 Agrimonia_parviflora
ott3904107 Agrimonia_rostellata
ott3951237 Agrostis_elliottiana
ott3951256 Agrostis_perennans
ott307879 Agrostis_stolonifera
ott550221 Agrostis_tenuis
ott1050091 Aletris_farinosa
ott989426 Allium_tricoccum
ott894665 Allium_vineale
ott939663 Alnus_serrulata
ott465438 Ambrosia_artemisiifolia
ott45829 Amelanchier_arborea
ott58714 Amianthium_muscitoxicum
ott1063924 Amphicarpa_bracteata
ott761207 Andropogon_gerardii
ott3955110 Andropogon_scoparius
ott753445 Andropogon_ternarius
ott3955469 Andropogon_virginicus
ott421853 Anemone_quinquefolia
ott977431 Anemone_virginiana
ott3890295 Angelica_triquinata
ott3890258 Angelica_venenosa
ott541000 Antennaria_plantaginifolia
ott119723 Antennaria_solitaria
ott188813 Anthoxanthum_odoratum
ott300576 Aplectrum_hyemale
ott303938 Apocynum_cannabinum
ott309263 Arabidopsis_thaliana
ott639610 Arabis_laevigata
ott534056 Aralia_nudicaulis
ott534062 Aralia_racemosa
ott776695 Aralia_spinosa
ott1049801 Arisaema_triphyllum
ott9796 Aristolochia_macrophylla
ott237928 Arnoglossum_atriplicifolium
ott3899378 Arnoglossum_reniforme
ott217653 Aronia_arbutifolia
ott62443 Aronia_melanocarpa
ott207990 Aruncus_dioicus
ott862563 Arundinaria_gigantea
ott22360 Asclepias_exaltata
ott783335 Asclepias_incarnata_subsp._pulchra
ott1011272 Asclepias_quadrifolia
ott920656 Asclepias_tuberosa
ott1031841 Asplenium_montanum
ott1079925 Asplenium_platyneuron
ott302576 Asplenium_trichomanes
ott943294 Aster_dumosus
ott909916 Astilbe_biternata
ott5918857 Athyrium_asplenioides
ott3882467 Aureolaria_flava
ott3882468 Aureolaria_laevigata
ott259856 Baptisia_tinctoria
ott35915 Barbarea_verna
ott35910 Barbarea_vulgaris_var._arcuata
ott1072153 Berberis_thunbergii
ott452595 Betula_alleghaniensis
ott567472 Betula_lenta
ott3899696 Bidens_bipinnata
ott86774 Bidens_frondosa
ott990173 Boechera_canadensis
ott3866625 Botrychium_alabamense
ott405385 Botrychium_dissectum
ott756444 Botrychium_virginianum
ott256624 Brachyelytrum_erectum
ott3949739 Bromus_purgans
ott3960552 Bulbostylis_capillaris
ott6021987 Calamagrostis_cinnoides
ott890686 Calycanthus_floridus
ott5784187 Calystegia_catesbeiana_subsp._sericata
ott794310 Campanula_divaricata
ott438095 Capnoides_sempervirens
ott575626 Cardamine_clematitis
ott575634 Cardamine_diphylla
ott575654 Cardamine_flagellifera
ott608999 Cardamine_hirsuta
ott3958788 Carex_aestivalis
ott3957765 Carex_austrocaroliniana
ott354463 Carex_communis
ott3958141 Carex_crebriflora
ott1018231 Carex_crinita
ott5759276 Carex_debilis_var._debilis
ott5759275 Carex_debilis_var._rudgei
ott948521 Carex_incomperta
ott907194 Carex_intumescens
ott1038071 Carex_laxiflora
ott8161 Carex_leptalea
ott879280 Carex_lurida
ott912929 Carex_muricata_var._ruthii
ott511536 Carex_pensylvanica
ott958321 Carex_scabrata
ott58712 Carex_tribuloides
ott404059 Carex_vulpinoidea
ott466474 Carpinus_caroliniana
ott899017 Carya_glabra
ott3931008 Carya_pallida
ott591062 Carya_tomentosa
ott959671 Cassia_fasciculata
ott3916915 Cassia_hebecarpa
ott562865 Castanea_dentata
ott540978 Castanea_mollissima
ott180564 Castanea_pumila
ott733774 Catalpa_bignonioides
ott190644 Caulophyllum_thalictroides
ott74296 Celtis_occidentalis
ott374171 Cerastium_fontanum_subsp._vulgare
ott261500 Chelone_glabra
ott680180 Chimaphila_maculata
ott844554 Chionanthus_virginicus
ott512702 Cimicifuga_racemosa
ott524631 Circaea_lutetiana_subsp._canadensis
ott133368 Cirsium_discolor
ott597707 Cirsium_vulgare
ott115791 Claytonia_virginica
ott1074607 Clematis_virginiana
ott411951 Clethra_acuminata
ott125706 Clintonia_umbellata
ott707256 Collinsonia_canadensis
ott877757 Commelina_communis
ott489986 Commelina_erecta
ott971152 Conoclinium_coelestinum
ott648868 Conopholis_americana
ott1071032 Convolvulus_arvensis
ott789607 Coreopsis_major
ott336186 Coreopsis_pubescens
ott505075 Cornus_alternifolia
ott705053 Cornus_amomum
ott148264 Cornus_florida
ott223920 Crataegus_flabellata
ott205361 Cryptotaenia_canadensis
ott610319 Cuscuta_compacta
ott77369 Cuscuta_gronovii
ott5789 Cuscuta_rostrata
ott8144 Cymophyllus_fraserianus
ott157129 Cyperus_strigosus
ott530302 Cypripedium_acaule
ott262105 Cypripedium_parviflorum_var._pubescens
ott3866270 Cystopteris_protrusa
ott385465 Danthonia_compressa
ott779740 Danthonia_sericea
ott356118 Danthonia_spicata
ott372836 Daucus_carota
ott11456 Dennstaedtia_punctilobula
ott48708 Deparia_acrostichoides
ott762960 Deschampsia_flexuosa
ott666937 Desmodium_nudiflorum
ott829226 Dianthus_armeria
ott867182 Dicentra_canadensis
ott3944922 Dicentra_cucullaria
ott30740 Diervilla_sessilifolia
ott1015683 Digitaria_ischaemum
ott660098 Diodia_teres
ott46956 Dioscorea_batatas
ott36277 Dioscorea_villosa
ott525019 Diospyros_virginiana
ott570405 Diphylleia_cymosa
ott405374 Diplazium_pycnocarpon
ott962216 Doellingeria_infirma
ott431547 Doellingeria_umbellata
ott722163 Dryopteris_goldiana
ott722159 Dryopteris_intermedia
ott1056059 Dryopteris_marginalis
ott677350 Duchesnea_indica
ott511515 Elaeagnus_umbellata
ott1079706 Elephantopus_carolinianus
ott463836 Elymus_virginicus
ott648839 Epifagus_virginiana
ott587562 Epigaea_repens
ott1094806 Epilobium_coloratum
ott793862 Eragrostis_hirsuta
ott65673 Erechtites_hieracifolia
ott3954936 Erianthus_alopecuroides
ott747367 Erigeron_annuus
ott1008406 Erigeron_canadensis
ott438840 Erigeron_pulchellus
ott964716 Erigeron_strigosus
ott445473 Erythronium_americanum
ott314417 Euonymus_americanus
ott484232 Euonymus_fortunei
ott971141 Eupatorium_album
ott970480 Eupatorium_aromaticum
ott681437 Eupatorium_fistulosum
ott1032099 Eupatorium_perfoliatum
ott329735 Eupatorium_purpureum
ott345514 Eupatorium_rugosum
ott827132 Euphorbia_corollata
ott928023 Euphorbia_corollata_var._zinniiflora
ott683660 Euphorbia_maculata
ott939384 Eurybia_chlorolepis
ott487162 Eurybia_macrophylla
ott422459 Fagus_grandifolia
ott132238 Fallopia_scandens
ott105576 Festuca_arundinacea
ott33577 Festuca_octoflora
ott202297 Festuca_rubra
ott327817 Forsythia_viridissima
ott1004791 Fragaria_virginiana
ott671807 Fraxinus_americana
ott918836 Galax_urceolata
ott392411 Galearis_spectabilis
ott400164 Galinsoga_quadriradiata
ott807641 Galium_aparine
ott466180 Galium_circaezans
ott800057 Galium_latifolium
ott1003446 Galium_pilosum
ott952322 Galium_tinctorium
ott952328 Galium_triflorum
ott170513 Gaylussacia_baccata
ott466428 Gaylussacia_tomentosa
ott466430 Gaylussacia_ursina
ott1033650 Gentiana_decora
ott59837 Gentiana_quinquefolia
ott63262 Gentiana_saponaria
ott141879 Geranium_carolinianum
ott3903992 Geum_virginianum
ott3883048 Glecoma_hederacea
ott188859 Goodyera_pubescens
ott5342635 Habenaria_clavellata
ott60713 Hamamelis_virginiana
ott483908 Helenium_autumnale
ott769544 Helianthus_atrorubens
ott1010287 Helianthus_microcephalus
ott516348 Helianthus_strumosus
ott62294 Hemerocallis_fulva
ott932871 Hepatica_acutiloba
ott752311 Heterotheca_mariana
ott883164 Heuchera_americana
ott128615 Heuchera_villosa
ott1090094 Hexastylis_virginica
ott439508 Hieracium_paniculatum
ott1095904 Hieracium_venosum
ott762970 Holcus_lanatus
ott661612 Houstonia_caerulea
ott898348 Houstonia_purpurea
ott962248 Houstonia_serpyllifolia
ott812045 Houstonia_tenuifolia
ott3943154 Hydatica_petiolaris
ott785493 Hydrangea_arborescens
ott1097969 Hydrophyllum_canadense
ott83013 Hypericum_buckleyi
ott723132 Hypericum_gentianoides
ott609319 Hypericum_mutilum
ott905349 Hypericum_punctatum
ott870730 Hypericum_stragulum
ott1093464 Hypoxis_hirsuta
ott339272 Hystrix_patula
ott222009 Ilex_ambigua_var._monticola
ott660052 Ilex_opaca
ott488923 Impatiens_capensis
ott402517 Impatiens_pallida
ott270740 Ipomoea_pandurata
ott43092 Iris_sanguinea
ott79114 Isoetes_engelmannii
ott188851 Isotria_verticillata
ott70111 Juglans_cinerea
ott1072887 Juglans_nigra
ott3964838 Juncus_acuminatus
ott26727 Juncus_effusus
ott3964900 Juncus_gymnocarpus
ott3964809 Juncus_marginatus
ott3964930 Juncus_subcaudatus
ott1094808 Juncus_tenuis
ott78161 Juniperus_virginiana
ott743767 Kalmia_latifolia
ott432505 Kerria_japonica
ott732249 Krigia_montana
ott732244 Krigia_virginica
ott394067 Lactuca_canadensis
ott348791 Laportea_canadensis
ott136995 Lathyrus_latifolius
ott3942957 Lechea_racemulosa
ott256656 Leersia_virginica
ott1037331 Lepidium_campestre
ott653603 Lespedeza_cuneata
ott855932 Lespedeza_intermedia
ott133034 Lespedeza_violacea
ott371806 Leucanthemum_vulgare
ott115623 Leucothoe_axillaris
ott673012 Leucothoe_recurva
ott505574 Liatris_squarrosa
ott197939 Ligustrum_sinense
ott700363 Lilium_michauxii
ott592254 Lilium_superbum
ott498693 Lindera_benzoin
ott170366 Linum_striatum
ott712360 Liparis_liliifolia
ott777299 Liriodendron_tulipifera
ott3893018 Lobelia_amoena
ott618368 Lobelia_inflata
ott12514 Lobelia_puberula
ott609321 Lobelia_siphilitica
ott3892855 Lobelia_spicata
ott135774 Lolium_perenne
ott2125 Lonicera_japonica
ott609302 Ludwigia_alternifolia
ott264261 Ludwigia_palustris
ott913050 Luzula_acuminata_var._carolinae
ott118017 Luzula_echinata
ott719017 Lycopodium_clavatum
ott634835 Lycopodium_flabelliforme
ott79108 Lycopodium_lucidulum
ott894618 Lyonia_ligustrina
ott3900208 Lysimachia_lanceolata
ott55202 Lysimachia_quadrifolia
ott288493 Magnolia_acuminata
ott881611 Magnolia_fraseri
ott696444 Mahonia_bealei
ott497816 Maianthemum_racemosum
ott371162 Malus_angustifolia
ott854961 Malus_pumila
ott833033 Medeola_virginiana
ott671529 Melampyrum_lineare
ott631688 Melanthium_hybridum
ott38048 Melilotus_officinalis
ott246124 Menziesia_pilosa
ott3943148 Micranthes_micranthidifolia
ott100220 Microstegium_vimineum
ott999923 Mimulus_ringens
ott762472 Mitchella_repens
ott584113 Mollugo_verticillata
ott514021 Monarda_clinopodia
ott830193 Monarda_didyma
ott539588 Monotropa_uniflora
ott2043 Muhlenbergia_schreberi
ott969878 Muhlenbergia_tenuifolia
ott1016065 Nabalus_roanensis
ott1016043 Nabalus_trifoliolatus
ott625039 Narcissus_jonquilla
ott671013 Nyssa_sylvatica
ott12659 Oenothera_biennis
ott800557 Oenothera_tetragona
ott41631 Onoclea_sensibilis
ott373779 Orobanche_uniflora
ott228787 Osmorhiza_claytonii
ott41623 Osmunda_cinnamomea
ott765285 Osmunda_claytoniana
ott3902481 Oxalis_grandis
ott237293 Oxalis_stricta
ott627839 Oxalis_violacea
ott1042565 Oxydendrum_arboreum
ott984096 Oxypolis_rigidior
ott831308 Panax_quinquefolius
ott559087 Panicum_anceps
ott6023863 Panicum_angustifolium
ott213094 Panicum_clandestinum
ott328745 Panicum_commutatum
ott328747 Panicum_depauperatum
ott712349 Panicum_dichotomiflorum
ott5792759 Panicum_lanuginosum
ott3955789 Panicum_villosissimum
ott363490 Parnassia_asarifolia
ott329904 Parthenocissus_quinquefolia
ott3956788 Paspalum_laeve
ott228282 Paspalum_setaceum
ott305916 Paulownia_tomentosa
ott3882309 Pedicularis_canadensis
ott421347 Penstemon_smallii
ott19864 Persicaria_longiseta
ott701572 Persicaria_pensylvanica
ott143983 Persicaria_sagittata
ott578767 Phleum_pratense
ott47536 Phlox_carolina_subsp._carolina
ott914231 Phoradendron_leucarpum
ott1087002 Phryma_leptostachya
ott940381 Physalis_heterophylla
ott769165 Physocarpus_opulifolius
ott595167 Physostegia_virginiana
ott216619 Phytolacca_americana
ott1091023 Pilea_pumila
ott809699 Pilosella_caespitosa
ott636907 Pinus_rigida
ott568616 Pinus_strobus
ott376074 Plantago_lanceolata
ott122965 Plantago_major
ott12535 Plantago_virginica
ott760557 Platanthera_ciliaris
ott3971889 Platanthera_flava
ott3971850 Platanthera_psycodes
ott62543 Platanus_occidentalis
ott923698 Poa_palustris
ott255298 Poa_sylvestris
ott928422 Podophyllum_peltatum
ott3916062 Polygala_curtissii
ott515894 Polygala_sanguinea
ott410789 Polygala_verticillata
ott497824 Polygonatum_biflorum
ott279840 Polygonatum_pubescens
ott43719 Polygonum_tenue
ott860113 Polypodium_virginianum
ott647092 Polystichum_acrostichoides
ott5763646 Populus_candicans
ott8848 Populus_nigra
ott3904613 Potentilla_canadensis
ott385170 Potentilla_tridentata
ott777969 Prosartes_lanuginosa
ott305931 Prunella_vulgaris
ott66998 Prunus_angustifolia
ott180915 Prunus_pensylvanica
ott259054 Prunus_persica
ott187948 Prunus_serotina
ott250211 Pseudognaphalium_obtusifolium
ott195639 Pteridium_aquilinum
ott829115 Pycnanthemum_incanum
ott3882873 Pycnanthemum_montanum
ott929185 Pycnanthemum_tenuifolium
ott340473 Pyrrhopappus_carolinianus
ott388690 Pyrularia_pubera
ott791112 Quercus_alba
ott494536 Quercus_coccinea
ott826988 Quercus_falcata
ott1003203 Quercus_imbricaria
ott137331 Quercus_marilandica
ott117129 Quercus_michauxii
ott252507 Quercus_montana
ott791115 Quercus_rubra
ott581813 Quercus_velutina
ott326300 Ranunculus_allegheniensis
ott765331 Ranunculus_hispidus
ott170551 Ranunculus_recurvatus
ott708115 Rhexia_virginica
ott176054 Rhododendron_calendulaceum
ott645684 Rhododendron_catawbiense
ott735744 Rhododendron_maximum
ott731538 Rhus_copallinum
ott598794 Rhus_glabra
ott3961431 Rhynchospora_capitellata
ott280769 Ribes_cynosbati
ott928416 Robinia_pseudoacacia
ott333900 Rosa_carolina
ott908464 Rosa_multiflora
ott928201 Rosa_palustris
ott148072 Rubus_allegheniensis
ott714536 Rubus_argutus
ott148064 Rubus_canadensis
ott896744 Rubus_flagellaris
ott412675 Rubus_hispidus
ott670811 Rubus_occidentalis
ott96577 Rubus_odoratus
ott837485 Rudbeckia_hirta
ott557380 Rudbeckia_laciniata
ott763019 Rumex_acetosella
ott516846 Rumex_crispus
ott904388 Rumex_obtusifolius
ott890177 Sabatia_angularis
ott484568 Sagittaria_latifolia_var._pubescens
ott738063 Salix_humilis
ott738783 Salix_nigra
ott554053 Salix_sericea
ott861971 Salvia_lyrata
ott142026 Sambucus_canadensis
ott664390 Sambucus_pubens
ott1014682 Sanguinaria_canadensis
ott643958 Sanicula_gregaria
ott3892174 Sanicula_marilandica
ott842209 Saponaria_officinalis
ott998890 Sassafras_albidum
ott294857 Schrankia_microphylla
ott228163 Scirpus_expansus
ott3959134 Scirpus_polyphyllus
ott57517 Scleria_triglomerata
ott3882691 Scutellaria_elliptica
ott583392 Scutellaria_incana
ott78166 Selaginella_apoda
ott597460 Senecio_smallii
ott1076649 Sericocarpus_asteroides
ott552997 Setaria_viridis
ott205376 Silene_antirrhina
ott191356 Silene_ovata
ott245592 Silene_stellata
ott922269 Silene_virginica
ott356402 Silphium_compositum
ott527767 Sisyrinchium_albidum
ott1007569 Smallanthus_uvedalia
ott995721 Smilax_glauca
ott272791 Smilax_herbacea
ott172361 Smilax_rotundifolia
ott390164 Solanum_carolinense
ott1024291 Solidago_bicolor
ott788656 Solidago_caesia
ott265097 Solidago_erecta
ott1083535 Solidago_gigantea
ott788652 Solidago_nemoralis
ott3898763 Solidago_odora
ott1058734 Solidago_petiolaris
ott929828 Solidago_rugosa
ott1024287 Solidago_uliginosa
ott667058 Sorbus_americana
ott338456 Sorghastrum_nutans
ott3902551 Spiraea_henryi
ott785024 Spiraea_japonica
ott280972 Spiranthes_cernua
ott721381 Spiranthes_gracilis
ott248280 Stachys_latidens
ott771272 Stachys_tenuifolia
ott490967 Stellaria_pubera
ott631674 Stenanthium_gramineum
ott62285 Streptopus_roseus
ott126841 Stylosanthes_biflora
ott2128 Symphoricarpos_orbiculatus
ott194048 Symphyotrichum_cordifolium
ott733563 Symphyotrichum_lateriflorum
ott336699 Symphyotrichum_patens
ott733569 Symphyotrichum_pilosum
ott316517 Symphyotrichum_puniceum
ott508475 Symphyotrichum_retroflexum
ott259523 Symphyotrichum_subulatum_var._subulatum
ott296013 Symphyotrichum_undulatum
ott910195 Symplocos_tinctoria
ott451182 Taraxacum_officinale
ott3920153 Tephrosia_virginiana
ott371704 Thalictrum_clavatum
ott421845 Thalictrum_coriaceum
ott421847 Thalictrum_dioicum
ott532742 Thalictrum_polygamum
ott190625 Thalictrum_thalictroides
ott37809 Thaspium_barbinode
ott243255 Thelypteris_hexagonoptera
ott797167 Thelypteris_noveboracensis
ott356282 Thermopsis_villosa
ott738831 Tiarella_cordifolia
ott770764 Tilia_americana
ott840500 Tilia_heterophylla
ott767475 Tipularia_discolor
ott43712 Tovara_virginiana
ott411489 Toxicodendron_radicans
ott982258 Toxicodendron_vernix
ott213145 Tradescantia_ohiensis
ott3945416 Tradescantia_subaspera
ott170546 Trautvetteria_caroliniensis
ott134754 Trichostema_dichotomum
ott849652 Tridens_flavus
ott649828 Trifolium_campestre
ott839027 Trifolium_pratense
ott116218 Trifolium_repens
ott950246 Trillium_catesbaei
ott535817 Trillium_erectum
ott1011461 Trillium_grandiflorum
ott594644 Trillium_undulatum
ott594647 Trillium_vaseyi
ott1019186 Triodanis_perfoliata
ott389097 Triosteum_perfoliatum
ott855552 Triphora_trianthophora
ott117276 Tsuga_canadensis
ott613200 Typha_latifolia
ott257169 Uvularia_grandiflora
ott257170 Uvularia_perfoliata
ott257171 Uvularia_puberula
ott635547 Uvularia_sessilis
ott567253 Vaccinium_corymbosum
ott771765 Vaccinium_erythrocarpum
ott909420 Vaccinium_stamineum
ott6050289 Vaccinium_vacillans
ott603171 Veratrum_parviflorum
ott453154 Veratrum_viride
ott35629 Verbascum_thapsus
ott763809 Verbena_urticifolia
ott317416 Veronica_arvensis
ott492806 Veronica_officinalis
ott1042145 Viburnum_acerifolium
ott967922 Viburnum_cassinoides
ott51726 Viburnum_nudum
ott509269 Vicia_caroliniana
ott1056103 Vicia_sativa_subsp._nigra
ott142101 Vinca_minor
ott592467 Viola_bicolor
ott563144 Viola_blanda
ott1089589 Viola_canadensis
ott1089599 Viola_cucullata
ott265431 Viola_emarginata
ott741831 Viola_hastata
ott512673 Viola_macloskeyi_var._pallens
ott3915472 Viola_palmata
ott295613 Viola_papilionacea_var._priceana
ott740286 Viola_pedata
ott1039246 Viola_pubescens_var._scabriuscula
ott462217 Viola_rotundifolia
ott295613 Viola_sororia
ott5511344 Vitis_aestivalis_var._aestivalis
ott314458 Vitis_baileyana
ott683964 Vitis_labrusca
ott602495 Vitis_vulpina
ott768466 Xanthorhiza_simplicissima
ott3964498 Xyris_torta
ott740223 Zizia_aptera
