ott1032032 Acer_pensylvanicum
ott1039827 Acer_rubrum
ott948916 Acer_saccharum
ott403782 Acer_spicatum
ott828103 Achillea_millefolium
ott462239 Actaea_pachypoda
ott512702 Actaea_racemosa
ott199581 Aesculus_flava
ott345514 Ageratina_altissima
ott703624 Agrimonia_gryposepala
ott939663 Alnus_serrulata
ott580543 Alyssum_alyssoides
ott45829 Amelanchier_arborea
ott566686 Amelanchier_laevis
ott58714 Amianthium_muscitoxicum
ott1063924 Amphicarpaea_bracteata
ott1074744 Anemone_lancifolia
ott421853 Anemone_quinquefolia
ott977431 Anemone_virginiana
ott3890295 Angelica_triquinata
ott488051 Apios_americana
ott513856 Apocynum_androsaemifolium
ott534056 Aralia_nudicaulis
ott534062 Aralia_racemosa
ott756713 Arctium_minus
ott644215 Arenaria_serpyllifolia_subsp._serpyllifolia
ott1049801 Arisaema_triphyllum
ott62443 Aronia_melanocarpa
ott207990 Aruncus_dioicus
ott729868 Asarum_canadense
ott148395 Asclepias_syriaca
ott35910 Barbarea_vulgaris
ott452595 Betula_alleghaniensis
ott567472 Betula_lenta
ott363505 Boykinia_aconitifolia
ott76547 Brachyelytrum_aristosum
ott1080802 Callitriche_heterophylla
ott794310 Campanula_divaricata
ott589792 Campanula_rapunculoides
ott556235 Cardamine_pensylvanica
ott475164 Cardamine_rotundifolia
ott354471 Carex_digitalis
ott3958667 Carex_frankii
ott525043 Carex_gynandra
ott3958938 Carex_platyphylla
ott958312 Carex_radiata
ott899017 Carya_glabra
ott1064112 Carya_ovata
ott562865 Castanea_dentata
ott190644 Caulophyllum_thalictroides
ott662423 Centaurea_stoebe_subsp._micranthos
ott573294 Chamaelirium_luteum
ott680180 Chimaphila_maculata
ott692350 Cichorium_intybus
ott1052859 Cicuta_maculata
ott843597 Circaea_alpina
ott524631 Circaea_canadensis
ott133368 Cirsium_discolor
ott597707 Cirsium_vulgare
ott1074607 Clematis_virginiana
ott482043 Clinopodium_vulgare
ott520109 Clintonia_borealis
ott125706 Clintonia_umbellulata
ott707256 Collinsonia_canadensis
ott877757 Commelina_communis
ott1001039 Conium_maculatum
ott648868 Conopholis_americana
ott1088891 Convallaria_majalis
ott300565 Corallorhiza_maculata
ott944374 Corallorhiza_odontorhiza
ott789607 Coreopsis_major
ott505075 Cornus_alternifolia
ott705053 Cornus_amomum
ott424330 Corylus_cornuta
ott3903863 Crataegus_macrosperma
ott205361 Cryptotaenia_canadensis
ott530302 Cypripedium_acaule
ott356118 Danthonia_spicata
ott372836 Daucus_carota
ott829226 Dianthus_armeria
ott867182 Dicentra_canadensis
ott213094 Dichanthelium_clandestinum
ott174722 Dichanthelium_dichotomum
ott363818 Dichanthelium_latifolium
ott36277 Dioscorea_villosa
ott511515 Elaeagnus_umbellata
ott339272 Elymus_hystrix
ott647082 Epipactis_helleborine
ott747367 Erigeron_annuus
ott1032099 Eupatorium_perfoliatum
ott680349 Eupatorium_serotinum
ott487162 Eurybia_macrophylla
ott957394 Euthamia_graminifolia
ott681437 Eutrochium_fistulosum
ott422459 Fagus_grandifolia
ott362478 Fallopia_convolvulus
ott132238 Fallopia_scandens
ott931505 Festuca_subverticillata
ott1004791 Fragaria_virginiana
ott671807 Fraxinus_americana
ott918836 Galax_urceolata
ott481307 Galinsoga_parviflora
ott952322 Galium_tinctorium
ott952328 Galium_triflorum
ott643041 Gaultheria_procumbens
ott170513 Gaylussacia_baccata
ott3942222 Geranium_maculatum
ott124269 Geum_canadense
ott22375 Glechoma_hederacea
ott188859 Goodyera_pubescens
ott60713 Hamamelis_virginiana
ott195538 Helianthus_decapetalus
ott932871 Hepatica_acutiloba
ott128615 Heuchera_villosa
ott752654 Hieracium_pilosella
ott661612 Houstonia_caerulea
ott3943154 Hydatica_petiolaris
ott785493 Hydrangea_arborescens
ott1097969 Hydrophyllum_canadense
ott544712 Hydrophyllum_virginianum
ott666943 Hylodesmum_glutinosum
ott83017 Hypericum_densiflorum
ott609319 Hypericum_mutilum
ott618681 Hypericum_perforatum
ott905349 Hypericum_punctatum
ott824795 Hypopitys_monotropa
ott1093464 Hypoxis_hirsuta
ott222009 Ilex_montana
ott68444 Ilex_verticillata
ott488923 Impatiens_capensis
ott402517 Impatiens_pallida
ott858834 Iris_verna
ott9796 Isotrema_macrophyllum
ott947703 Jeffersonia_diphylla
ott1072887 Juglans_nigra
ott26727 Juncus_effusus
ott1094808 Juncus_tenuis
ott743767 Kalmia_latifolia
ott348791 Laportea_canadensis
ott353449 Lapsana_communis
ott136995 Lathyrus_latifolius
ott371806 Leucanthemum_vulgare
ott592254 Lilium_superbum
ott777299 Liriodendron_tulipifera
ott665771 Lobelia_cardinalis
ott618368 Lobelia_inflata
ott894618 Lyonia_ligustrina
ott3900208 Lysimachia_lanceolata
ott55202 Lysimachia_quadrifolia
ott288493 Magnolia_acuminata
ott1028528 Maianthemum_canadense
ott497816 Maianthemum_racemosum
ott833033 Medeola_virginiana
ott38042 Melilotus_albus
ott38048 Melilotus_officinalis
ott855364 Menispermum_canadense
ott246124 Menziesia_pilosa
ott3943148 Micranthes_micranthidifolia
ott100220 Microstegium_vimineum
ott762472 Mitchella_repens
ott514021 Monarda_clinopodia
ott830193 Monarda_didyma
ott830204 Monarda_fistulosa
ott539588 Monotropa_uniflora
ott475547 Nabalus_altissimus
ott671013 Nyssa_sylvatica
ott4727901 Oclemena_acuminata
ott12659 Oenothera_biennis
ott228787 Osmorhiza_claytonii
ott747780 Ostrya_virginiana
ott5748715 Oxalis_montana
ott237293 Oxalis_stricta
ott1042565 Oxydendrum_arboreum
ott409560 Packera_aurea
ott363490 Parnassia_asarifolia
ott609310 Paronychia_canadensis
ott329904 Parthenocissus_quinquefolia
ott3882309 Pedicularis_canadensis
ott19864 Persicaria_longiseta
ott143983 Persicaria_sagittata
ott43712 Persicaria_virginiana
ott578767 Phleum_pratense
ott505982 Physalis_longifolia_var._subglabrata
ott216619 Phytolacca_americana
ott771655 Picea_rubens
ott1091023 Pilea_pumila
ott636901 Pinus_pungens
ott636907 Pinus_rigida
ott568616 Pinus_strobus
ott62543 Platanus_occidentalis
ott3950673 Poa_cuspidata
ott928422 Podophyllum_peltatum
ott497824 Polygonatum_biflorum
ott279840 Polygonatum_pubescens
ott768212 Potentilla_recta
ott396171 Potentilla_simplex
ott777969 Prosartes_lanuginosa
ott305931 Prunella_vulgaris
ott180915 Prunus_pensylvanica
ott187948 Prunus_serotina
ott106228 Pyrola_americana
ott791112 Quercus_alba
ott494536 Quercus_coccinea
ott528690 Quercus_ilicifolia
ott252507 Quercus_montana
ott791115 Quercus_rubra
ott581813 Quercus_velutina
ott387818 Ranunculus_acris
ott784354 Ranunculus_bulbosus
ott170551 Ranunculus_recurvatus
ott176054 Rhododendron_calendulaceum
ott735744 Rhododendron_maximum
ott761672 Rhododendron_periclymenoides
ott1010430 Rhus_typhina
ott3961431 Rhynchospora_capitellata
ott159820 Ribes_rotundifolium
ott928416 Robinia_pseudoacacia
ott908464 Rosa_multiflora
ott148072 Rubus_allegheniensis
ott148064 Rubus_canadensis
ott96577 Rubus_odoratus
ott96566 Rubus_pensilvanicus
ott738063 Salix_humilis
ott142026 Sambucus_canadensis
ott664396 Sambucus_racemosa_var._melanocarpa
ott1014682 Sanguinaria_canadensis
ott842209 Saponaria_officinalis
ott228161 Scirpus_cyperinus
ott228167 Scirpus_georgianus
ott3882708 Scutellaria_saxatilis
ott383451 Securigera_varia
ott3943197 Sedum_glaucophyllum
ott245592 Silene_stellata
ott922269 Silene_virginica
ott18357 Sisyrinchium_mucronatum
ott1007569 Smallanthus_uvedalia
ott272791 Smilax_herbacea
ott172361 Smilax_rotundifolia
ott390164 Solanum_carolinense
ott788648 Solidago_arguta
ott788656 Solidago_curtisii
ott667058 Sorbus_americana
ott853357 Sporobolus_vaginiflorus
ott432718 Stellaria_media
ott490967 Stellaria_pubera
ott717593 Styrax_americanus
ott451182 Taraxacum_officinale
ott161831 Teucrium_canadense
ott421845 Thalictrum_coriaceum
ott770764 Tilia_americana
ott411489 Toxicodendron_radicans
ott17935 Tradescantia_virginiana
ott170546 Trautvetteria_caroliniensis
ott206111 Trientalis_borealis
ott1011461 Trillium_grandiflorum
ott594656 Trillium_sulcatum
ott117276 Tsuga_canadensis
ott628864 Tsuga_caroliniana
ott613200 Typha_latifolia
ott316093 Ulmus_rubra
ott257170 Uvularia_perfoliata
ott375378 Uvularia_sessilifolia
ott3900375 Vaccinium_angustifolium
ott567253 Vaccinium_corymbosum
ott771765 Vaccinium_erythrocarpum
ott435372 Vaccinium_fuscatum
ott466423 Vaccinium_pallidum
ott909420 Vaccinium_stamineum
ott603171 Veratrum_parviflorum
ott453154 Veratrum_viride
ott763809 Verbena_urticifolia
ott442622 Vernonia_noveboracensis
ott492806 Veronica_officinalis
ott1042145 Viburnum_acerifolium
ott959514 Viburnum_dentatum
ott572545 Viburnum_lantanoides
ott51715 Viburnum_prunifolium
ott51719 Viburnum_rufidulum
ott563144 Viola_blanda
ott1089599 Viola_cucullata
ott741831 Viola_hastata
ott462217 Viola_rotundifolia
ott462223 Viola_striata
